Mar 12 00:00:32 mola systemd[1]: logrotate.service: Deactivated successfully.
Mar 12 00:00:32 mola systemd[1]: Finished Rotate log files.
Mar 12 00:17:01 mola CRON[97450]: (root) CMD (   cd / && run-parts --report /etc/cron.hourly)
Mar 12 00:24:50 mola systemd[1]: Starting Daily apt download activities...
Mar 12 00:25:01 mola systemd[1]: apt-daily.service: Deactivated successfully.
Mar 12 00:25:01 mola systemd[1]: Finished Daily apt download activities.
Mar 12 00:25:01 mola systemd[1]: apt-daily.service: Consumed 10.006s CPU time.
Mar 12 00:39:41 mola systemd[1]: Starting Ubuntu Advantage Timer for running repeated jobs...
Mar 12 00:39:41 mola systemd[1]: ua-timer.service: Deactivated successfully.
Mar 12 00:39:41 mola systemd[1]: Finished Ubuntu Advantage Timer for running repeated jobs.
Mar 12 01:17:01 mola CRON[97864]: (root) CMD (   cd / && run-parts --report /etc/cron.hourly)
Mar 12 02:01:31 mola systemd[1]: Starting Message of the Day...
Mar 12 02:01:32 mola 50-motd-news[97905]:  * Strictly confined Kubernetes makes edge and IoT secure. Learn how MicroK8s
Mar 12 02:01:32 mola 50-motd-news[97905]:    just raised the bar for easy, resilient and secure K8s cluster deployment.
Mar 12 02:01:32 mola 50-motd-news[97905]:    https://ubuntu.com/engage/secure-kubernetes-at-the-edge
Mar 12 02:01:32 mola systemd[1]: motd-news.service: Deactivated successfully.
Mar 12 02:01:32 mola systemd[1]: Finished Message of the Day.
Mar 12 02:07:19 mola systemd[1]: Started Session 554 of User lemonbaba.
Mar 12 02:17:01 mola CRON[98486]: (root) CMD (   cd / && run-parts --report /etc/cron.hourly)
Mar 12 03:10:01 mola CRON[98511]: (root) CMD (test -e /run/systemd/system || SERVICE_MODE=1 /sbin/e2scrub_all -A -r)
Mar 12 03:10:50 mola systemd[1]: Starting Online ext4 Metadata Check for All Filesystems...
Mar 12 03:10:50 mola systemd[1]: e2scrub_all.service: Deactivated successfully.
Mar 12 03:10:50 mola systemd[1]: Finished Online ext4 Metadata Check for All Filesystems.
Mar 12 03:17:01 mola CRON[98516]: (root) CMD (   cd / && run-parts --report /etc/cron.hourly)
Mar 12 03:30:01 mola CRON[98523]: (root) CMD (test -e /run/systemd/system || SERVICE_MODE=1 /usr/lib/x86_64-linux-gnu/e2fsprogs/e2scrub_all_cron)
Mar 12 04:13:32 mola systemd[1]: Starting Daily man-db regeneration...
Mar 12 04:13:33 mola systemd[1]: man-db.service: Deactivated successfully.
Mar 12 04:13:33 mola systemd[1]: Finished Daily man-db regeneration.
Mar 12 04:17:01 mola CRON[98543]: (root) CMD (   cd / && run-parts --report /etc/cron.hourly)
Mar 12 04:35:26 mola systemd[1]: Starting Download data for packages that failed at package install time...
Mar 12 04:35:26 mola systemd[1]: update-notifier-download.service: Deactivated successfully.
Mar 12 04:35:26 mola systemd[1]: Finished Download data for packages that failed at package install time.
Mar 12 04:45:12 mola systemd[1]: Starting Cleanup of Temporary Directories...
Mar 12 04:45:12 mola systemd[1]: systemd-tmpfiles-clean.service: Deactivated successfully.
Mar 12 04:45:12 mola systemd[1]: Finished Cleanup of Temporary Directories.
Mar 12 05:17:01 mola CRON[98566]: (root) CMD (   cd / && run-parts --report /etc/cron.hourly)
Mar 12 05:38:38 mola snapd[10238]: storehelpers.go:769: cannot refresh: snap has no updates available: "core20", "lxd", "snapd"
Mar 12 05:38:38 mola snapd[10238]: autorefresh.go:551: auto-refresh: all snaps are up-to-date
Mar 12 06:03:17 mola systemd[1]: session-554.scope: Deactivated successfully.
Mar 12 06:03:17 mola systemd[1]: session-554.scope: Consumed 1min 14.628s CPU time.
Mar 12 06:17:01 mola CRON[98586]: (root) CMD (   cd / && run-parts --report /etc/cron.hourly)
Mar 12 06:19:48 mola systemd[1]: Starting Daily apt upgrade and clean activities...
Mar 12 06:19:51 mola systemd[1]: apt-daily-upgrade.service: Deactivated successfully.
Mar 12 06:19:51 mola systemd[1]: Finished Daily apt upgrade and clean activities.
Mar 12 06:19:51 mola systemd[1]: apt-daily-upgrade.service: Consumed 3.119s CPU time.
Mar 12 06:25:01 mola CRON[98665]: (root) CMD (test -x /usr/sbin/anacron || ( cd / && run-parts --report /etc/cron.daily ))
Mar 12 06:41:34 mola systemd[1]: Starting Ubuntu Advantage Timer for running repeated jobs...
Mar 12 06:41:34 mola systemd[1]: ua-timer.service: Deactivated successfully.
Mar 12 06:41:34 mola systemd[1]: Finished Ubuntu Advantage Timer for running repeated jobs.
Mar 12 06:43:38 mola snapd[10238]: storehelpers.go:769: cannot refresh: snap has no updates available: "core20", "lxd", "snapd"
Mar 12 06:43:38 mola snapd[10238]: autorefresh.go:551: auto-refresh: all snaps are up-to-date
Mar 12 06:47:01 mola CRON[98689]: (root) CMD (test -x /usr/sbin/anacron || ( cd / && run-parts --report /etc/cron.weekly ))
Mar 12 07:17:01 mola CRON[98700]: (root) CMD (   cd / && run-parts --report /etc/cron.hourly)
Mar 12 08:17:02 mola CRON[98719]: (root) CMD (   cd / && run-parts --report /etc/cron.hourly)
Mar 12 09:17:01 mola CRON[98739]: (root) CMD (   cd / && run-parts --report /etc/cron.hourly)
Mar 12 10:17:01 mola CRON[98759]: (root) CMD (   cd / && run-parts --report /etc/cron.hourly)
Mar 12 11:17:01 mola CRON[98777]: (root) CMD (   cd / && run-parts --report /etc/cron.hourly)
Mar 12 12:13:38 mola snapd[10238]: storehelpers.go:769: cannot refresh: snap has no updates available: "core20", "lxd", "snapd"
Mar 12 12:13:38 mola snapd[10238]: autorefresh.go:551: auto-refresh: all snaps are up-to-date
Mar 12 12:17:01 mola CRON[98793]: (root) CMD (   cd / && run-parts --report /etc/cron.hourly)
Mar 12 13:17:01 mola CRON[98812]: (root) CMD (   cd / && run-parts --report /etc/cron.hourly)
Mar 12 13:37:31 mola systemd[1]: Starting Ubuntu Advantage Timer for running repeated jobs...
Mar 12 13:37:32 mola systemd[1]: ua-timer.service: Deactivated successfully.
Mar 12 13:37:32 mola systemd[1]: Finished Ubuntu Advantage Timer for running repeated jobs.
Mar 12 14:17:01 mola CRON[98838]: (root) CMD (   cd / && run-parts --report /etc/cron.hourly)
Mar 12 14:55:50 mola systemd[1]: Starting Refresh fwupd metadata and update motd...
Mar 12 14:55:50 mola systemd[1]: fwupd-refresh.service: Main process exited, code=exited, status=1/FAILURE
Mar 12 14:55:50 mola systemd[1]: fwupd-refresh.service: Failed with result 'exit-code'.
Mar 12 14:55:50 mola systemd[1]: Failed to start Refresh fwupd metadata and update motd.
Mar 12 15:17:01 mola CRON[98861]: (root) CMD (   cd / && run-parts --report /etc/cron.hourly)
Mar 12 16:17:01 mola CRON[98879]: (root) CMD (   cd / && run-parts --report /etc/cron.hourly)
Mar 12 17:17:01 mola CRON[98901]: (root) CMD (   cd / && run-parts --report /etc/cron.hourly)
Mar 12 17:50:32 mola systemd[1]: Starting Daily apt download activities...
Mar 12 17:50:33 mola systemd[1]: apt-daily.service: Deactivated successfully.
Mar 12 17:50:33 mola systemd[1]: Finished Daily apt download activities.
Mar 12 18:17:01 mola CRON[98966]: (root) CMD (   cd / && run-parts --report /etc/cron.hourly)
Mar 12 18:45:50 mola systemd[1]: Starting Message of the Day...
Mar 12 18:45:51 mola 50-motd-news[99003]:  * Strictly confined Kubernetes makes edge and IoT secure. Learn how MicroK8s
Mar 12 18:45:51 mola 50-motd-news[99003]:    just raised the bar for easy, resilient and secure K8s cluster deployment.
Mar 12 18:45:51 mola 50-motd-news[99003]:    https://ubuntu.com/engage/secure-kubernetes-at-the-edge
Mar 12 18:45:51 mola systemd[1]: motd-news.service: Deactivated successfully.
Mar 12 18:45:51 mola systemd[1]: Finished Message of the Day.
Mar 12 19:17:01 mola CRON[99019]: (root) CMD (   cd / && run-parts --report /etc/cron.hourly)
Mar 12 19:25:32 mola systemd[1]: Starting Refresh fwupd metadata and update motd...
Mar 12 19:25:32 mola systemd[1]: fwupd-refresh.service: Main process exited, code=exited, status=1/FAILURE
Mar 12 19:25:32 mola systemd[1]: fwupd-refresh.service: Failed with result 'exit-code'.
Mar 12 19:25:32 mola systemd[1]: Failed to start Refresh fwupd metadata and update motd.
Mar 12 20:08:38 mola snapd[10238]: storehelpers.go:769: cannot refresh: snap has no updates available: "core20", "lxd", "snapd"
Mar 12 20:08:38 mola snapd[10238]: autorefresh.go:551: auto-refresh: all snaps are up-to-date
Mar 12 20:17:01 mola CRON[99044]: (root) CMD (   cd / && run-parts --report /etc/cron.hourly)
Mar 12 20:36:07 mola systemd[1]: Starting Ubuntu Advantage Timer for running repeated jobs...
Mar 12 20:36:07 mola systemd[1]: ua-timer.service: Deactivated successfully.
Mar 12 20:36:07 mola systemd[1]: Finished Ubuntu Advantage Timer for running repeated jobs.
Mar 12 21:17:01 mola CRON[99071]: (root) CMD (   cd / && run-parts --report /etc/cron.hourly)
Mar 12 22:17:01 mola CRON[99092]: (root) CMD (   cd / && run-parts --report /etc/cron.hourly)
Mar 12 23:17:01 mola CRON[99113]: (root) CMD (   cd / && run-parts --report /etc/cron.hourly)
Mar 12 23:18:57 mola systemd[1]: Started Session 581 of User lemonbaba.
Mar 12 23:20:39 mola systemd[1]: Started Session 582 of User lemonbaba.
Mar 12 23:48:25 mola systemd[1]: session-582.scope: Deactivated successfully.
Mar 13 00:00:32 mola systemd[1]: Starting Daily dpkg database backup service...
Mar 13 00:00:32 mola systemd[1]: Starting Rotate log files...
Mar 13 00:00:32 mola systemd[1]: dpkg-db-backup.service: Deactivated successfully.
Mar 13 00:00:32 mola systemd[1]: Finished Daily dpkg database backup service.
Mar 13 00:00:32 mola systemd[1]: logrotate.service: Deactivated successfully.
Mar 13 00:00:32 mola systemd[1]: Finished Rotate log files.
Mar 13 00:10:28 mola systemd[1]: Starting Discard unused blocks on filesystems from /etc/fstab...
Mar 13 00:10:28 mola systemd[1]: fstrim.service: Deactivated successfully.
Mar 13 00:10:28 mola systemd[1]: Finished Discard unused blocks on filesystems from /etc/fstab.
Mar 13 00:17:01 mola CRON[100405]: (root) CMD (   cd / && run-parts --report /etc/cron.hourly)
Mar 13 00:41:15 mola systemd[1]: Starting Daily apt download activities...
Mar 13 00:41:26 mola systemd[1]: apt-daily.service: Deactivated successfully.
Mar 13 00:41:26 mola systemd[1]: Finished Daily apt download activities.
Mar 13 00:41:26 mola systemd[1]: apt-daily.service: Consumed 9.579s CPU time.
Mar 13 01:01:07 mola systemd[1]: Starting Daily man-db regeneration...
Mar 13 01:01:07 mola systemd[1]: man-db.service: Deactivated successfully.
Mar 13 01:01:07 mola systemd[1]: Finished Daily man-db regeneration.
Mar 13 01:01:31 mola systemd[1]: Starting Message of the Day...
Mar 13 01:01:32 mola 50-motd-news[100835]:  * Strictly confined Kubernetes makes edge and IoT secure. Learn how MicroK8s
Mar 13 01:01:32 mola 50-motd-news[100835]:    just raised the bar for easy, resilient and secure K8s cluster deployment.
Mar 13 01:01:32 mola 50-motd-news[100835]:    https://ubuntu.com/engage/secure-kubernetes-at-the-edge
Mar 13 01:01:32 mola systemd[1]: motd-news.service: Deactivated successfully.
Mar 13 01:01:32 mola systemd[1]: Finished Message of the Day.
Mar 13 01:17:01 mola CRON[100846]: (root) CMD (   cd / && run-parts --report /etc/cron.hourly)
Mar 13 02:17:01 mola CRON[100863]: (root) CMD (   cd / && run-parts --report /etc/cron.hourly)
Mar 13 02:53:29 mola systemd[1]: session-581.scope: Deactivated successfully.
Mar 13 02:53:29 mola systemd[1]: session-581.scope: Consumed 53.613s CPU time.
Mar 13 03:01:07 mola systemd[1]: Starting Ubuntu Advantage Timer for running repeated jobs...
Mar 13 03:01:07 mola systemd[1]: ua-timer.service: Deactivated successfully.
Mar 13 03:01:07 mola systemd[1]: Finished Ubuntu Advantage Timer for running repeated jobs.
Mar 13 03:07:23 mola systemd[1]: Started Session 586 of User lemonbaba.
Mar 13 03:10:01 mola CRON[101238]: (root) CMD (test -e /run/systemd/system || SERVICE_MODE=1 /sbin/e2scrub_all -A -r)
Mar 13 03:17:01 mola CRON[101242]: (root) CMD (   cd / && run-parts --report /etc/cron.hourly)
Mar 13 04:09:08 mola systemd[1]: Started Session 589 of User lemonbaba.
Mar 13 04:17:01 mola CRON[101520]: (root) CMD (   cd / && run-parts --report /etc/cron.hourly)
Mar 13 04:35:30 mola systemd[1]: Starting Download data for packages that failed at package install time...
Mar 13 04:35:30 mola systemd[1]: update-notifier-download.service: Deactivated successfully.
Mar 13 04:35:30 mola systemd[1]: Finished Download data for packages that failed at package install time.
Mar 13 04:45:16 mola systemd[1]: Starting Cleanup of Temporary Directories...
Mar 13 04:45:16 mola systemd[1]: systemd-tmpfiles-clean.service: Deactivated successfully.
Mar 13 04:45:16 mola systemd[1]: Finished Cleanup of Temporary Directories.
Mar 13 05:03:38 mola snapd[10238]: storehelpers.go:769: cannot refresh: snap has no updates available: "core20", "lxd", "snapd"
Mar 13 05:03:38 mola snapd[10238]: autorefresh.go:551: auto-refresh: all snaps are up-to-date
Mar 13 05:17:01 mola CRON[101542]: (root) CMD (   cd / && run-parts --report /etc/cron.hourly)
Mar 13 06:17:01 mola CRON[101563]: (root) CMD (   cd / && run-parts --report /etc/cron.hourly)
Mar 13 06:25:01 mola CRON[101570]: (root) CMD (test -x /usr/sbin/anacron || ( cd / && run-parts --report /etc/cron.daily ))
Mar 13 06:32:32 mola systemd[1]: Starting Daily apt upgrade and clean activities...
Mar 13 06:32:35 mola systemd[1]: apt-daily-upgrade.service: Deactivated successfully.
Mar 13 06:32:36 mola systemd[1]: Finished Daily apt upgrade and clean activities.
Mar 13 06:32:36 mola systemd[1]: apt-daily-upgrade.service: Consumed 3.103s CPU time.
Mar 13 07:03:38 mola snapd[10238]: storehelpers.go:769: cannot refresh: snap has no updates available: "core20", "lxd", "snapd"
Mar 13 07:03:38 mola snapd[10238]: autorefresh.go:551: auto-refresh: all snaps are up-to-date
Mar 13 07:17:01 mola CRON[101666]: (root) CMD (   cd / && run-parts --report /etc/cron.hourly)
Mar 13 07:28:13 mola systemd[1]: session-589.scope: Deactivated successfully.
Mar 13 07:28:13 mola systemd[1]: session-589.scope: Consumed 3.151s CPU time.
Mar 13 07:28:52 mola systemd[1]: Started Session 595 of User lemonbaba.
Mar 13 07:38:12 mola systemd[1]: session-595.scope: Deactivated successfully.
Mar 13 07:43:12 mola systemd[1]: session-586.scope: Deactivated successfully.
Mar 13 07:43:12 mola systemd[1]: session-586.scope: Consumed 2min 2.894s CPU time.
Mar 13 08:17:01 mola CRON[103382]: (root) CMD (   cd / && run-parts --report /etc/cron.hourly)
Mar 13 08:26:32 mola systemd[1]: Starting Refresh fwupd metadata and update motd...
Mar 13 08:26:32 mola systemd[1]: fwupd-refresh.service: Main process exited, code=exited, status=1/FAILURE
Mar 13 08:26:32 mola systemd[1]: fwupd-refresh.service: Failed with result 'exit-code'.
Mar 13 08:26:32 mola systemd[1]: Failed to start Refresh fwupd metadata and update motd.
Mar 13 09:17:01 mola CRON[103408]: (root) CMD (   cd / && run-parts --report /etc/cron.hourly)
Mar 13 09:40:20 mola systemd[1]: Starting Ubuntu Advantage Timer for running repeated jobs...
Mar 13 09:40:20 mola systemd[1]: ua-timer.service: Deactivated successfully.
Mar 13 09:40:20 mola systemd[1]: Finished Ubuntu Advantage Timer for running repeated jobs.
Mar 13 10:17:01 mola CRON[103431]: (root) CMD (   cd / && run-parts --report /etc/cron.hourly)
Mar 13 11:17:01 mola CRON[103446]: (root) CMD (   cd / && run-parts --report /etc/cron.hourly)
Mar 13 12:17:01 mola CRON[103463]: (root) CMD (   cd / && run-parts --report /etc/cron.hourly)
Mar 13 12:33:38 mola snapd[10238]: storehelpers.go:769: cannot refresh: snap has no updates available: "core20", "lxd", "snapd"
Mar 13 12:33:38 mola snapd[10238]: autorefresh.go:551: auto-refresh: all snaps are up-to-date
Mar 13 13:17:01 mola CRON[103483]: (root) CMD (   cd / && run-parts --report /etc/cron.hourly)
Mar 13 14:17:01 mola CRON[103498]: (root) CMD (   cd / && run-parts --report /etc/cron.hourly)
Mar 13 14:26:50 mola systemd[1]: Starting Daily apt download activities...
Mar 13 14:26:50 mola systemd[1]: apt-daily.service: Deactivated successfully.
Mar 13 14:26:50 mola systemd[1]: Finished Daily apt download activities.
Mar 13 15:17:01 mola CRON[103561]: (root) CMD (   cd / && run-parts --report /etc/cron.hourly)
Mar 13 15:47:50 mola systemd[1]: Starting Ubuntu Advantage Timer for running repeated jobs...
Mar 13 15:47:50 mola systemd[1]: ua-timer.service: Deactivated successfully.
Mar 13 15:47:50 mola systemd[1]: Finished Ubuntu Advantage Timer for running repeated jobs.
Mar 13 16:17:01 mola CRON[103591]: (root) CMD (   cd / && run-parts --report /etc/cron.hourly)
Mar 13 17:17:01 mola CRON[103606]: (root) CMD (   cd / && run-parts --report /etc/cron.hourly)
Mar 13 17:55:50 mola systemd[1]: Starting Message of the Day...
Mar 13 17:55:51 mola 50-motd-news[103644]:  * Strictly confined Kubernetes makes edge and IoT secure. Learn how MicroK8s
Mar 13 17:55:51 mola 50-motd-news[103644]:    just raised the bar for easy, resilient and secure K8s cluster deployment.
Mar 13 17:55:51 mola 50-motd-news[103644]:    https://ubuntu.com/engage/secure-kubernetes-at-the-edge
Mar 13 17:55:51 mola systemd[1]: motd-news.service: Deactivated successfully.
Mar 13 17:55:51 mola systemd[1]: Finished Message of the Day.
Mar 13 18:17:01 mola CRON[103658]: (root) CMD (   cd / && run-parts --report /etc/cron.hourly)
Mar 13 19:17:01 mola CRON[103675]: (root) CMD (   cd / && run-parts --report /etc/cron.hourly)
Mar 13 19:43:38 mola snapd[10238]: storehelpers.go:769: cannot refresh: snap has no updates available: "core20", "lxd", "snapd"
Mar 13 19:43:38 mola snapd[10238]: autorefresh.go:551: auto-refresh: all snaps are up-to-date
Mar 13 20:17:02 mola CRON[103696]: (root) CMD (   cd / && run-parts --report /etc/cron.hourly)
Mar 13 21:17:01 mola CRON[103714]: (root) CMD (   cd / && run-parts --report /etc/cron.hourly)
Mar 13 22:17:01 mola CRON[103731]: (root) CMD (   cd / && run-parts --report /etc/cron.hourly)
Mar 13 22:26:50 mola systemd[1]: Starting Ubuntu Advantage Timer for running repeated jobs...
Mar 13 22:26:50 mola systemd[1]: ua-timer.service: Deactivated successfully.
Mar 13 22:26:50 mola systemd[1]: Finished Ubuntu Advantage Timer for running repeated jobs.
Mar 13 23:17:01 mola CRON[103759]: (root) CMD (   cd / && run-parts --report /etc/cron.hourly)
Mar 14 00:00:32 mola systemd[1]: Starting Daily dpkg database backup service...
Mar 14 00:00:32 mola systemd[1]: Starting Rotate log files...
Mar 14 00:00:32 mola systemd[1]: dpkg-db-backup.service: Deactivated successfully.
Mar 14 00:00:32 mola systemd[1]: Finished Daily dpkg database backup service.
Mar 14 00:00:32 mola systemd[1]: logrotate.service: Deactivated successfully.
Mar 14 00:00:32 mola systemd[1]: Finished Rotate log files.
Mar 14 00:17:01 mola CRON[103785]: (root) CMD (   cd / && run-parts --report /etc/cron.hourly)
Mar 14 01:17:01 mola CRON[103802]: (root) CMD (   cd / && run-parts --report /etc/cron.hourly)
Mar 14 01:33:38 mola snapd[10238]: storehelpers.go:769: cannot refresh: snap has no updates available: "core20", "lxd", "snapd"
Mar 14 01:33:38 mola snapd[10238]: autorefresh.go:551: auto-refresh: all snaps are up-to-date
Mar 14 01:46:50 mola systemd[1]: Starting Daily apt download activities...
Mar 14 01:47:03 mola systemd[1]: apt-daily.service: Deactivated successfully.
Mar 14 01:47:03 mola systemd[1]: Finished Daily apt download activities.
Mar 14 01:47:03 mola systemd[1]: apt-daily.service: Consumed 11.701s CPU time.
Mar 14 02:17:01 mola CRON[104224]: (root) CMD (   cd / && run-parts --report /etc/cron.hourly)
Mar 14 02:18:29 mola systemd[1]: Started Session 615 of User lemonbaba.
Mar 14 02:19:12 mola systemd[1]: Started Session 616 of User lemonbaba.
Mar 14 02:58:32 mola systemd[1]: session-616.scope: Deactivated successfully.
Mar 14 03:10:01 mola CRON[104734]: (root) CMD (test -e /run/systemd/system || SERVICE_MODE=1 /sbin/e2scrub_all -A -r)
Mar 14 03:17:01 mola CRON[104738]: (root) CMD (   cd / && run-parts --report /etc/cron.hourly)
Mar 14 04:00:32 mola systemd[1]: Starting Refresh fwupd metadata and update motd...
Mar 14 04:00:32 mola systemd[1]: fwupd-refresh.service: Main process exited, code=exited, status=1/FAILURE
Mar 14 04:00:32 mola systemd[1]: fwupd-refresh.service: Failed with result 'exit-code'.
Mar 14 04:00:32 mola systemd[1]: Failed to start Refresh fwupd metadata and update motd.
Mar 14 04:17:01 mola CRON[104758]: (root) CMD (   cd / && run-parts --report /etc/cron.hourly)
Mar 14 04:35:50 mola systemd[1]: Starting Download data for packages that failed at package install time...
Mar 14 04:35:50 mola systemd[1]: update-notifier-download.service: Deactivated successfully.
Mar 14 04:35:50 mola systemd[1]: Finished Download data for packages that failed at package install time.
Mar 14 04:45:50 mola systemd[1]: Starting Cleanup of Temporary Directories...
Mar 14 04:45:50 mola systemd[1]: systemd-tmpfiles-clean.service: Deactivated successfully.
Mar 14 04:45:50 mola systemd[1]: Finished Cleanup of Temporary Directories.
Mar 14 04:50:31 mola systemd[1]: Starting Ubuntu Advantage Timer for running repeated jobs...
Mar 14 04:50:31 mola systemd[1]: ua-timer.service: Deactivated successfully.
Mar 14 04:50:31 mola systemd[1]: Finished Ubuntu Advantage Timer for running repeated jobs.
Mar 14 04:56:08 mola systemd[1]: Started Session 620 of User lemonbaba.
Mar 14 05:17:01 mola CRON[105019]: (root) CMD (   cd / && run-parts --report /etc/cron.hourly)
Mar 14 05:48:01 mola systemd[1]: session-620.scope: Deactivated successfully.
Mar 14 05:48:01 mola systemd[1]: session-620.scope: Consumed 2.581s CPU time.
Mar 14 05:48:50 mola systemd[1]: Started Session 622 of User lemonbaba.
Mar 14 05:49:16 mola systemd[1]: session-622.scope: Deactivated successfully.
Mar 14 05:49:40 mola systemd[1]: Started Session 623 of User lemonbaba.
Mar 14 06:04:05 mola systemd[1]: unattended-upgrades.service: Deactivated successfully.
Mar 14 06:04:05 mola systemd[1]: Stopped Unattended Upgrades Shutdown.
Mar 14 06:04:05 mola systemd[1]: Stopping Session 1 of User lemonbaba...
Mar 14 06:04:05 mola systemd[1]: Stopping Session 615 of User lemonbaba...
Mar 14 06:04:05 mola systemd[1]: Stopping Session 623 of User lemonbaba...
Mar 14 06:04:05 mola systemd[1]: Removed slice Slice /system/modprobe.
Mar 14 06:04:05 mola systemd[1]: Stopped target Cloud-init target.
Mar 14 06:04:05 mola systemd[1]: Stopped target Graphical Interface.
Mar 14 06:04:05 mola systemd[1]: Stopped target Host and Network Name Lookups.
Mar 14 06:04:05 mola systemd[1]: Stopped target Sound Card.
Mar 14 06:04:05 mola systemd[1]: Stopped target Timer Units.
Mar 14 06:04:05 mola systemd[1]: apt-daily-upgrade.timer: Deactivated successfully.
Mar 14 06:04:05 mola systemd[1]: Stopped Daily apt upgrade and clean activities.
Mar 14 06:04:05 mola systemd[1]: apt-daily.timer: Deactivated successfully.
Mar 14 06:04:05 mola systemd[1]: Stopped Daily apt download activities.
Mar 14 06:04:05 mola systemd[1]: dpkg-db-backup.timer: Deactivated successfully.
Mar 14 06:04:05 mola systemd[1]: Stopped Daily dpkg database backup timer.
Mar 14 06:04:05 mola systemd[1]: e2scrub_all.timer: Deactivated successfully.
Mar 14 06:04:05 mola systemd[1]: Stopped Periodic ext4 Online Metadata Check for All Filesystems.
Mar 14 06:04:05 mola systemd[1]: fstrim.timer: Deactivated successfully.
Mar 14 06:04:05 mola systemd[1]: Stopped Discard unused blocks once a week.
Mar 14 06:04:05 mola systemd[1]: fwupd-refresh.timer: Deactivated successfully.
Mar 14 06:04:05 mola systemd[1]: Stopped Refresh fwupd metadata regularly.
Mar 14 06:04:05 mola systemd[1]: logrotate.timer: Deactivated successfully.
Mar 14 06:04:05 mola systemd[1]: Stopped Daily rotation of log files.
Mar 14 06:04:05 mola systemd[1]: man-db.timer: Deactivated successfully.
Mar 14 06:04:05 mola systemd[1]: Stopped Daily man-db regeneration.
Mar 14 06:04:05 mola systemd[1]: motd-news.timer: Deactivated successfully.
Mar 14 06:04:05 mola systemd[1]: Stopped Message of the Day.
Mar 14 06:04:05 mola systemd[1]: systemd-tmpfiles-clean.timer: Deactivated successfully.
Mar 14 06:04:05 mola systemd[1]: Stopped Daily Cleanup of Temporary Directories.
Mar 14 06:04:05 mola systemd[1]: ua-timer.timer: Deactivated successfully.
Mar 14 06:04:05 mola systemd[1]: Stopped Ubuntu Advantage Timer for running repeated jobs.
Mar 14 06:04:05 mola systemd[1]: update-notifier-download.timer: Deactivated successfully.
Mar 14 06:04:05 mola systemd[1]: Stopped Download data for packages that failed at package install time.
Mar 14 06:04:05 mola systemd[1]: update-notifier-motd.timer: Deactivated successfully.
Mar 14 06:04:05 mola systemd[1]: Stopped Check to see whether there is a new version of Ubuntu available.
Mar 14 06:04:05 mola systemd[1]: lvm2-lvmpolld.socket: Deactivated successfully.
Mar 14 06:04:05 mola systemd[1]: Closed LVM2 poll daemon socket.
Mar 14 06:04:05 mola systemd[1]: systemd-rfkill.socket: Deactivated successfully.
Mar 14 06:04:05 mola systemd[1]: Closed Load/Save RF Kill Switch Status /dev/rfkill Watch.
Mar 14 06:04:05 mola systemd[1]: Stopping Availability of block devices...
Mar 14 06:04:05 mola systemd[1]: cloud-final.service: Deactivated successfully.
Mar 14 06:04:05 mola systemd[1]: Stopped Execute cloud user/final scripts.
Mar 14 06:04:05 mola systemd[1]: Stopped target Multi-User System.
Mar 14 06:04:05 mola systemd[1]: Stopped target Login Prompts.
Mar 14 06:04:05 mola systemd[1]: Stopping Modem Manager...
Mar 14 06:04:35 mola systemd-modules-load[383]: Inserted module 'msr'
Mar 14 06:04:35 mola systemd-modules-load[383]: Inserted module 'ipmi_devintf'
Mar 14 06:04:35 mola systemd[1]: Starting Flush Journal to Persistent Storage...
Mar 14 06:04:35 mola systemd[1]: modprobe@pstore_zone.service: Deactivated successfully.
Mar 14 06:04:35 mola systemd[1]: Finished Load Kernel Module pstore_zone.
Mar 14 06:04:35 mola systemd[1]: modprobe@pstore_blk.service: Deactivated successfully.
Mar 14 06:04:35 mola systemd[1]: Finished Load Kernel Module pstore_blk.
Mar 14 06:04:35 mola systemd[1]: modprobe@ramoops.service: Deactivated successfully.
Mar 14 06:04:35 mola lvm[368]:   1 logical volume(s) in volume group "ubuntu-vg" monitored
Mar 14 06:04:35 mola systemd[1]: Finished Load Kernel Module ramoops.
Mar 14 06:04:35 mola systemd[1]: Condition check resulted in Platform Persistent Storage Archival being skipped.
Mar 14 06:04:35 mola systemd[1]: Finished Create Static Device Nodes in /dev.
Mar 14 06:04:35 mola systemd[1]: Starting Rule-based Manager for Device Events and Files...
Mar 14 06:04:35 mola systemd[1]: Started Device-Mapper Multipath Device Controller.
Mar 14 06:04:35 mola systemd[1]: Finished Set the console keyboard layout.
Mar 14 06:04:35 mola systemd[1]: Reached target Preparation for Local File Systems.
Mar 14 06:04:35 mola systemd[1]: Mounting Mount unit for core20, revision 1822...
Mar 14 06:04:35 mola systemd[1]: Mounting Mount unit for core20, revision 1828...
Mar 14 06:04:35 mola systemd[1]: Mounting Mount unit for lxd, revision 22923...
Mar 14 06:04:35 mola systemd[1]: Mounting Mount unit for lxd, revision 24322...
Mar 14 06:04:35 mola systemd[1]: Mounting Mount unit for snapd, revision 18357...
Mar 14 06:04:35 mola systemd[1]: Mounted Mount unit for lxd, revision 24322.
Mar 14 06:04:35 mola systemd[1]: Mounted Mount unit for snapd, revision 18357.
Mar 14 06:04:35 mola systemd[1]: Mounted Mount unit for core20, revision 1822.
Mar 14 06:04:35 mola systemd[1]: Mounted Mount unit for lxd, revision 22923.
Mar 14 06:04:35 mola systemd[1]: Mounted Mount unit for core20, revision 1828.
Mar 14 06:04:35 mola systemd[1]: Finished Flush Journal to Persistent Storage.
Mar 14 06:04:35 mola systemd[1]: Finished Coldplug All udev Devices.
Mar 14 06:04:35 mola multipathd[405]: --------start up--------
Mar 14 06:04:35 mola multipathd[405]: read /etc/multipath.conf
Mar 14 06:04:35 mola multipathd[405]: path checkers start up
Mar 14 06:04:35 mola systemd[1]: Started Rule-based Manager for Device Events and Files.
Mar 14 06:04:35 mola systemd[1]: Condition check resulted in Show Plymouth Boot Screen being skipped.
Mar 14 06:04:35 mola systemd[1]: Started Dispatch Password Requests to Console Directory Watch.
Mar 14 06:04:35 mola systemd[1]: Condition check resulted in Forward Password Requests to Plymouth Directory Watch being skipped.
Mar 14 06:04:35 mola systemd[1]: Reached target Local Encrypted Volumes.
Mar 14 06:04:35 mola systemd-udevd[432]: Using default interface naming scheme 'v249'.
Mar 14 06:04:35 mola systemd-udevd[428]: sda: Process '/usr/bin/unshare -m /usr/bin/snap auto-import --mount=/dev/sda' failed with exit code 1.
Mar 14 06:04:35 mola systemd[1]: Listening on Load/Save RF Kill Switch Status /dev/rfkill Watch.
Mar 14 06:04:35 mola systemd-udevd[427]: sr0: Process '/usr/bin/unshare -m /usr/bin/snap auto-import --mount=/dev/sr0' failed with exit code 1.
Mar 14 06:04:35 mola systemd[1]: Reached target Sound Card.
Mar 14 06:04:35 mola systemd-udevd[425]: dm-0: Process '/usr/bin/unshare -m /usr/bin/snap auto-import --mount=/dev/dm-0' failed with exit code 1.
Mar 14 06:04:35 mola systemd-udevd[426]: sda3: Process '/usr/bin/unshare -m /usr/bin/snap auto-import --mount=/dev/sda3' failed with exit code 1.
Mar 14 06:04:35 mola systemd[1]: Created slice Slice /system/lvm2-pvscan.
Mar 14 06:04:35 mola systemd[1]: Starting LVM event activation on device 8:3...
Mar 14 06:04:35 mola systemd-udevd[428]: sda1: Process '/usr/bin/unshare -m /usr/bin/snap auto-import --mount=/dev/sda1' failed with exit code 1.
Mar 14 06:04:35 mola systemd-udevd[424]: sda2: Process '/usr/bin/unshare -m /usr/bin/snap auto-import --mount=/dev/sda2' failed with exit code 1.
Mar 14 06:04:35 mola systemd[1]: Found device VBOX_HARDDISK 2.
Mar 14 06:04:35 mola systemd[1]: Starting File System Check on /dev/disk/by-uuid/b4a8c8b2-337b-4814-b69d-6825822039f6...
Mar 14 06:04:35 mola systemd[1]: Started File System Check Daemon to report status.
Mar 14 06:04:35 mola lvm[528]:   pvscan[528] PV /dev/sda3 online, VG ubuntu-vg is complete.
Mar 14 06:04:35 mola lvm[528]:   pvscan[528] VG ubuntu-vg skip autoactivation.
Mar 14 06:04:35 mola systemd-fsck[539]: /dev/sda2: clean, 320/114688 files, 80970/458752 blocks
Mar 14 06:04:35 mola systemd[1]: Finished File System Check on /dev/disk/by-uuid/b4a8c8b2-337b-4814-b69d-6825822039f6.
Mar 14 06:04:35 mola systemd[1]: Mounting /boot...
Mar 14 06:04:35 mola systemd[1]: Finished LVM event activation on device 8:3.
Mar 14 06:04:35 mola systemd[1]: Mounted /boot.
Mar 14 06:04:35 mola systemd[1]: Reached target Local File Systems.
Mar 14 06:04:35 mola systemd[1]: Starting Load AppArmor profiles...
Mar 14 06:04:35 mola systemd[1]: Starting Set console font and keymap...
Mar 14 06:04:35 mola systemd[1]: Starting Create final runtime dir for shutdown pivot root...
Mar 14 06:04:35 mola systemd[1]: Starting Tell Plymouth To Write Out Runtime Data...
Mar 14 06:04:35 mola systemd[1]: Condition check resulted in Set Up Additional Binary Formats being skipped.
Mar 14 06:04:35 mola systemd[1]: Condition check resulted in Store a System Token in an EFI Variable being skipped.
Mar 14 06:04:35 mola systemd[1]: Condition check resulted in Commit a transient machine-id on disk being skipped.
Mar 14 06:04:35 mola systemd[1]: Starting Create Volatile Files and Directories...
Mar 14 06:04:35 mola systemd[1]: Starting Uncomplicated firewall...
Mar 14 06:04:35 mola systemd[1]: Finished Create final runtime dir for shutdown pivot root.
Mar 14 06:04:35 mola systemd[1]: Finished Uncomplicated firewall.
Mar 14 06:04:35 mola systemd[1]: Finished Set console font and keymap.
Mar 14 06:04:35 mola apparmor.systemd[563]: Restarting AppArmor
Mar 14 06:04:35 mola apparmor.systemd[563]: Reloading AppArmor profiles
Mar 14 06:04:35 mola systemd[1]: Finished Tell Plymouth To Write Out Runtime Data.
Mar 14 06:04:35 mola systemd[1]: Finished Create Volatile Files and Directories.
Mar 14 06:04:35 mola systemd[1]: Starting Network Time Synchronization...
Mar 14 06:04:35 mola systemd[1]: Starting Record System Boot/Shutdown in UTMP...
Mar 14 06:04:35 mola systemd[1]: Finished Record System Boot/Shutdown in UTMP.
Mar 14 06:04:35 mola systemd[1]: Started Network Time Synchronization.
Mar 14 06:04:35 mola systemd[1]: Reached target System Time Set.
Mar 14 06:04:35 mola apparmor.systemd[586]: Skipping profile in /etc/apparmor.d/disable: usr.sbin.rsyslogd
Mar 14 06:04:35 mola systemd[1]: Finished Load AppArmor profiles.
Mar 14 06:04:35 mola systemd[1]: Starting Load AppArmor profiles managed internally by snapd...
Mar 14 06:04:35 mola systemd[1]: Condition check resulted in Authentication service for virtual machines hosted on VMware being skipped.
Mar 14 06:04:35 mola systemd[1]: Condition check resulted in Service for virtual machines hosted on VMware being skipped.
Mar 14 06:04:35 mola systemd[1]: Starting Initial cloud-init job (pre-networking)...
Mar 14 06:04:35 mola systemd[1]: proc-sys-fs-binfmt_misc.automount: Got automount request for /proc/sys/fs/binfmt_misc, triggered by 587 (snapd-apparmor)
Mar 14 06:04:35 mola systemd[1]: Mounting Arbitrary Executable File Formats File System...
Mar 14 06:04:35 mola systemd[1]: Mounted Arbitrary Executable File Formats File System.
Mar 14 06:04:35 mola systemd[1]: Finished Load AppArmor profiles managed internally by snapd.
Mar 14 06:04:35 mola cloud-init[619]: Cloud-init v. 22.2-0ubuntu1~22.04.3 running 'init-local' at Tue, 14 Mar 2023 06:04:32 +0000. Up 6.32 seconds.
Mar 14 06:04:35 mola systemd[1]: Finished Initial cloud-init job (pre-networking).
Mar 14 06:04:35 mola systemd[1]: Reached target Preparation for Network.
Mar 14 06:04:35 mola systemd[1]: Starting Network Configuration...
Mar 14 06:04:35 mola systemd-networkd[620]: lo: Link UP
Mar 14 06:04:35 mola systemd-networkd[620]: lo: Gained carrier
Mar 14 06:04:35 mola systemd-networkd[620]: Enumeration completed
Mar 14 06:04:35 mola systemd[1]: Started Network Configuration.
Mar 14 06:04:35 mola systemd[1]: Starting Wait for Network to be Configured...
Mar 14 06:04:35 mola systemd[1]: Starting Network Name Resolution...
Mar 14 06:04:35 mola systemd-networkd[620]: enp0s3: Link UP
Mar 14 06:04:35 mola systemd-networkd[620]: enp0s3: Gained carrier
Mar 14 06:04:35 mola systemd-networkd[620]: enp0s3: DHCPv4 address 10.0.0.115/24 via 10.0.0.1
Mar 14 06:04:35 mola systemd-timesyncd[577]: Network configuration changed, trying to establish connection.
Mar 14 06:04:35 mola systemd-resolved[622]: Positive Trust Anchors:
Mar 14 06:04:35 mola systemd-resolved[622]: . IN DS 20326 8 2 e06d44b80b8f1d39a95c0b0d7c65d08458e880409bbc683457104237c7f8ec8d
Mar 14 06:04:35 mola systemd-resolved[622]: Negative trust anchors: home.arpa 10.in-addr.arpa 16.172.in-addr.arpa 17.172.in-addr.arpa 18.172.in-addr.arpa 19.172.in-addr.arpa 20.172.in-addr.arpa 21.172.in-addr.arpa 22.172.in-addr.arpa 23.172.in-addr.arpa 24.172.in-addr.arpa 25.172.in-addr.arpa 26.172.in-addr.arpa 27.172.in-addr.arpa 28.172.in-addr.arpa 29.172.in-addr.arpa 30.172.in-addr.arpa 31.172.in-addr.arpa 168.192.in-addr.arpa d.f.ip6.arpa corp home internal intranet lan local private test
Mar 14 06:04:35 mola systemd-resolved[622]: Using system hostname 'mola'.
Mar 14 06:04:35 mola systemd[1]: Started Network Name Resolution.
Mar 14 06:04:35 mola systemd[1]: Reached target Network.
Mar 14 06:04:35 mola systemd[1]: Reached target Host and Network Name Lookups.
Mar 14 06:04:35 mola systemd-networkd[620]: enp0s3: Gained IPv6LL
Mar 14 06:04:35 mola systemd-timesyncd[577]: Network configuration changed, trying to establish connection.
Mar 14 06:04:35 mola systemd-networkd-wait-online[621]: managing: enp0s3
Mar 14 06:04:35 mola systemd[1]: Finished Wait for Network to be Configured.
Mar 14 06:04:35 mola systemd[1]: Starting Initial cloud-init job (metadata service crawler)...
Mar 14 06:04:35 mola cloud-init[628]: Cloud-init v. 22.2-0ubuntu1~22.04.3 running 'init' at Tue, 14 Mar 2023 06:04:34 +0000. Up 8.50 seconds.
Mar 14 06:04:35 mola cloud-init[628]: ci-info: ++++++++++++++++++++++++++++++++++++++Net device info+++++++++++++++++++++++++++++++++++++++
Mar 14 06:04:35 mola cloud-init[628]: ci-info: +--------+------+-----------------------------+---------------+--------+-------------------+
Mar 14 06:04:35 mola cloud-init[628]: ci-info: | Device |  Up  |           Address           |      Mask     | Scope  |     Hw-Address    |
Mar 14 06:04:35 mola cloud-init[628]: ci-info: +--------+------+-----------------------------+---------------+--------+-------------------+
Mar 14 06:04:35 mola cloud-init[628]: ci-info: | enp0s3 | True |          10.0.0.115         | 255.255.255.0 | global | 08:00:27:43:bc:41 |
Mar 14 06:04:35 mola cloud-init[628]: ci-info: | enp0s3 | True | fe80::a00:27ff:fe43:bc41/64 |       .       |  link  | 08:00:27:43:bc:41 |
Mar 14 06:04:35 mola cloud-init[628]: ci-info: |   lo   | True |          127.0.0.1          |   255.0.0.0   |  host  |         .         |
Mar 14 06:04:35 mola cloud-init[628]: ci-info: |   lo   | True |           ::1/128           |       .       |  host  |         .         |
Mar 14 06:04:35 mola cloud-init[628]: ci-info: +--------+------+-----------------------------+---------------+--------+-------------------+
Mar 14 06:04:35 mola cloud-init[628]: ci-info: ++++++++++++++++++++++++++++Route IPv4 info+++++++++++++++++++++++++++++
Mar 14 06:04:35 mola cloud-init[628]: ci-info: +-------+-------------+----------+-----------------+-----------+-------+
Mar 14 06:04:35 mola cloud-init[628]: ci-info: | Route | Destination | Gateway  |     Genmask     | Interface | Flags |
Mar 14 06:04:35 mola cloud-init[628]: ci-info: +-------+-------------+----------+-----------------+-----------+-------+
Mar 14 06:04:35 mola cloud-init[628]: ci-info: |   0   |   0.0.0.0   | 10.0.0.1 |     0.0.0.0     |   enp0s3  |   UG  |
Mar 14 06:04:35 mola cloud-init[628]: ci-info: |   1   |   10.0.0.0  | 0.0.0.0  |  255.255.255.0  |   enp0s3  |   U   |
Mar 14 06:04:35 mola cloud-init[628]: ci-info: |   2   |   10.0.0.1  | 0.0.0.0  | 255.255.255.255 |   enp0s3  |   UH  |
Mar 14 06:04:35 mola cloud-init[628]: ci-info: |   3   | 75.75.75.75 | 10.0.0.1 | 255.255.255.255 |   enp0s3  |  UGH  |
Mar 14 06:04:35 mola cloud-init[628]: ci-info: |   4   | 75.75.76.76 | 10.0.0.1 | 255.255.255.255 |   enp0s3  |  UGH  |
Mar 14 06:04:35 mola cloud-init[628]: ci-info: +-------+-------------+----------+-----------------+-----------+-------+
Mar 14 06:04:35 mola cloud-init[628]: ci-info: +++++++++++++++++++Route IPv6 info+++++++++++++++++++
Mar 14 06:04:35 mola cloud-init[628]: ci-info: +-------+-------------+---------+-----------+-------+
Mar 14 06:04:35 mola cloud-init[628]: ci-info: | Route | Destination | Gateway | Interface | Flags |
Mar 14 06:04:35 mola cloud-init[628]: ci-info: +-------+-------------+---------+-----------+-------+
Mar 14 06:04:35 mola cloud-init[628]: ci-info: |   1   |  fe80::/64  |    ::   |   enp0s3  |   U   |
Mar 14 06:04:35 mola cloud-init[628]: ci-info: |   3   |    local    |    ::   |   enp0s3  |   U   |
Mar 14 06:04:35 mola cloud-init[628]: ci-info: |   4   |  multicast  |    ::   |   enp0s3  |   U   |
Mar 14 06:04:35 mola cloud-init[628]: ci-info: +-------+-------------+---------+-----------+-------+
Mar 14 06:04:35 mola systemd[1]: Finished Initial cloud-init job (metadata service crawler).
Mar 14 06:04:35 mola systemd[1]: Reached target Cloud-config availability.
Mar 14 06:04:35 mola systemd[1]: Reached target Network is Online.
Mar 14 06:04:35 mola systemd[1]: Reached target System Initialization.
Mar 14 06:04:35 mola systemd[1]: Condition check resulted in Process error reports when automatic reporting is enabled (file watch) being skipped.
Mar 14 06:04:35 mola systemd[1]: Condition check resulted in Process error reports when automatic reporting is enabled (timer based) being skipped.
Mar 14 06:04:35 mola systemd[1]: Started Daily apt download activities.
Mar 14 06:04:35 mola systemd[1]: Started Daily apt upgrade and clean activities.
Mar 14 06:04:35 mola systemd[1]: Started Daily dpkg database backup timer.
Mar 14 06:04:35 mola systemd[1]: Started Periodic ext4 Online Metadata Check for All Filesystems.
Mar 14 06:04:35 mola systemd[1]: Started Discard unused blocks once a week.
Mar 14 06:04:35 mola systemd[1]: Started Refresh fwupd metadata regularly.
Mar 14 06:04:35 mola systemd[1]: Started Daily rotation of log files.
Mar 14 06:04:35 mola systemd[1]: Started Daily man-db regeneration.
Mar 14 06:04:35 mola systemd[1]: Started Message of the Day.
Mar 14 06:04:35 mola systemd[1]: Condition check resulted in Timer to automatically fetch and run repair assertions being skipped.
Mar 14 06:04:35 mola systemd[1]: Started Daily Cleanup of Temporary Directories.
Mar 14 06:04:35 mola systemd[1]: Started Ubuntu Advantage Timer for running repeated jobs.
Mar 14 06:04:35 mola systemd[1]: Started Download data for packages that failed at package install time.
Mar 14 06:04:35 mola systemd[1]: Started Check to see whether there is a new version of Ubuntu available.
Mar 14 06:04:35 mola systemd[1]: Reached target Path Units.
Mar 14 06:04:35 mola systemd[1]: Reached target Timer Units.
Mar 14 06:04:35 mola systemd[1]: Condition check resulted in Unix socket for apport crash forwarding being skipped.
Mar 14 06:04:35 mola systemd[1]: Listening on cloud-init hotplug hook socket.
Mar 14 06:04:35 mola systemd[1]: Listening on D-Bus System Message Bus Socket.
Mar 14 06:04:35 mola systemd[1]: Listening on Open-iSCSI iscsid Socket.
Mar 14 06:04:35 mola systemd-timesyncd[577]: Network configuration changed, trying to establish connection.
Mar 14 06:04:35 mola systemd[1]: Listening on Socket unix for snap application lxd.daemon.
Mar 14 06:04:35 mola systemd[1]: Listening on Socket unix for snap application lxd.user-daemon.
Mar 14 06:04:35 mola systemd[1]: Starting Socket activation for snappy daemon...
Mar 14 06:04:35 mola systemd[1]: Listening on UUID daemon activation socket.
Mar 14 06:04:35 mola systemd[1]: Condition check resulted in Login to default iSCSI targets being skipped.
Mar 14 06:04:35 mola systemd[1]: Reached target Preparation for Remote File Systems.
Mar 14 06:04:35 mola systemd-networkd[620]: enp0s3: DHCPv6 address 2601:601:a300:f620::731d/128 (valid for 15h 21s, preferred for 15h 21s)
Mar 14 06:04:35 mola systemd-timesyncd[577]: Network configuration changed, trying to establish connection.
Mar 14 06:04:35 mola systemd[1]: Reached target Remote File Systems.
Mar 14 06:04:35 mola systemd[1]: Finished Availability of block devices.
Mar 14 06:04:35 mola systemd[1]: Listening on Socket activation for snappy daemon.
Mar 14 06:04:35 mola systemd[1]: Reached target Socket Units.
Mar 14 06:04:35 mola systemd[1]: Reached target Basic System.
Mar 14 06:04:35 mola systemd[1]: Starting LSB: automatic crash report generation...
Mar 14 06:04:35 mola cron[634]: (CRON) INFO (pidfile fd = 3)
Mar 14 06:04:35 mola systemd[1]: Started Regular background program processing daemon.
Mar 14 06:04:35 mola cron[634]: (CRON) INFO (Running @reboot jobs)
Mar 14 06:04:35 mola systemd[1]: Started D-Bus System Message Bus.
Mar 14 06:04:35 mola systemd[1]: Started Save initial kernel messages after boot.
Mar 14 06:04:35 mola systemd[1]: Starting Remove Stale Online ext4 Metadata Check Snapshots...
Mar 14 06:04:35 mola systemd[1]: Condition check resulted in getty on tty2-tty6 if dbus and logind are not available being skipped.
Mar 14 06:04:35 mola systemd[1]: Starting Record successful boot for GRUB...
Mar 14 06:04:35 mola systemd[1]: Started irqbalance daemon.
Mar 14 06:04:35 mola systemd[1]: Starting Dispatcher daemon for systemd-networkd...
Mar 14 06:04:35 mola systemd[1]: Starting Authorization Manager...
Mar 14 06:04:35 mola systemd[1]: Condition check resulted in Pollinate to seed the pseudo random number generator being skipped.
Mar 14 06:04:35 mola systemd[1]: Starting System Logging Service...
Mar 14 06:04:35 mola systemd[1]: Condition check resulted in Secure Boot updates for DB and DBX being skipped.
Mar 14 06:04:35 mola systemd[1]: Starting Service for snap application lxd.activate...
Mar 14 06:04:35 mola systemd[1]: Condition check resulted in Userspace listener for prompt events being skipped.
Mar 14 06:04:35 mola systemd[1]: Condition check resulted in Automatically repair incorrect owner/permissions on core devices being skipped.
Mar 14 06:04:35 mola systemd[1]: Condition check resulted in Wait for the Ubuntu Core chooser trigger being skipped.
Mar 14 06:04:35 mola systemd[1]: Reached target Preparation for Logins.
Mar 14 06:04:35 mola systemd[1]: Starting Snap Daemon...
Mar 14 06:04:35 mola systemd[1]: Starting OpenBSD Secure Shell server...
Mar 14 06:04:35 mola systemd[1]: Starting User Login Management...
Mar 14 06:04:35 mola systemd[1]: Starting Permit User Sessions...
Mar 14 06:04:35 mola systemd[1]: Condition check resulted in Thermal Daemon Service being skipped.
Mar 14 06:04:35 mola systemd[1]: Condition check resulted in Ubuntu Advantage reboot cmds being skipped.
Mar 14 06:04:35 mola systemd[1]: Starting Disk Manager...
Mar 14 06:04:35 mola systemd[1]: Finished Permit User Sessions.
Mar 14 06:04:35 mola systemd[1]: Starting Hold until boot process finishes up...
Mar 14 06:04:35 mola systemd[1]: Starting Terminate Plymouth Boot Screen...
Mar 14 06:04:35 mola systemd[1]: Finished Hold until boot process finishes up.
Mar 14 06:04:35 mola systemd[1]: Starting Set console scheme...
Mar 14 06:04:35 mola systemd[1]: Finished Set console scheme.
Mar 14 06:04:35 mola systemd[1]: Created slice Slice /system/getty.
Mar 14 06:04:35 mola systemd[1]: Started Getty on tty1.
Mar 14 06:04:35 mola systemd[1]: Reached target Login Prompts.
Mar 14 06:04:35 mola systemd[1]: Finished Terminate Plymouth Boot Screen.
Mar 14 06:04:35 mola udisksd[650]: udisks daemon version 2.9.4 starting
Mar 14 06:04:35 mola systemd[1]: Started System Logging Service.
Mar 14 06:04:35 mola kernel: [    0.000000] Linux version 5.15.0-67-generic (buildd@lcy02-amd64-116) (gcc (Ubuntu 11.3.0-1ubuntu1~22.04) 11.3.0, GNU ld (GNU Binutils for Ubuntu) 2.38) #74-Ubuntu SMP Wed Feb 22 14:14:39 UTC 2023 (Ubuntu 5.15.0-67.74-generic 5.15.85)
Mar 14 06:04:35 mola kernel: [    0.000000] Command line: BOOT_IMAGE=/vmlinuz-5.15.0-67-generic root=/dev/mapper/ubuntu--vg-ubuntu--lv ro
Mar 14 06:04:35 mola kernel: [    0.000000] KERNEL supported cpus:
Mar 14 06:04:35 mola kernel: [    0.000000]   Intel GenuineIntel
Mar 14 06:04:35 mola kernel: [    0.000000]   AMD AuthenticAMD
Mar 14 06:04:35 mola kernel: [    0.000000]   Hygon HygonGenuine
Mar 14 06:04:35 mola kernel: [    0.000000]   Centaur CentaurHauls
Mar 14 06:04:35 mola kernel: [    0.000000]   zhaoxin   Shanghai  
Mar 14 06:04:35 mola kernel: [    0.000000] x86/fpu: Supporting XSAVE feature 0x001: 'x87 floating point registers'
Mar 14 06:04:35 mola kernel: [    0.000000] x86/fpu: Supporting XSAVE feature 0x002: 'SSE registers'
Mar 14 06:04:35 mola kernel: [    0.000000] x86/fpu: Supporting XSAVE feature 0x004: 'AVX registers'
Mar 14 06:04:35 mola kernel: [    0.000000] x86/fpu: xstate_offset[2]:  576, xstate_sizes[2]:  256
Mar 14 06:04:35 mola kernel: [    0.000000] x86/fpu: Enabled xstate features 0x7, context size is 832 bytes, using 'standard' format.
Mar 14 06:04:35 mola kernel: [    0.000000] signal: max sigframe size: 1776
Mar 14 06:04:35 mola kernel: [    0.000000] BIOS-provided physical RAM map:
Mar 14 06:04:35 mola kernel: [    0.000000] BIOS-e820: [mem 0x0000000000000000-0x000000000009fbff] usable
Mar 14 06:04:35 mola kernel: [    0.000000] BIOS-e820: [mem 0x000000000009fc00-0x000000000009ffff] reserved
Mar 14 06:04:35 mola kernel: [    0.000000] BIOS-e820: [mem 0x00000000000f0000-0x00000000000fffff] reserved
Mar 14 06:04:35 mola kernel: [    0.000000] BIOS-e820: [mem 0x0000000000100000-0x000000003ffeffff] usable
Mar 14 06:04:35 mola kernel: [    0.000000] BIOS-e820: [mem 0x000000003fff0000-0x000000003fffffff] ACPI data
Mar 14 06:04:35 mola kernel: [    0.000000] BIOS-e820: [mem 0x00000000fec00000-0x00000000fec00fff] reserved
Mar 14 06:04:35 mola kernel: [    0.000000] BIOS-e820: [mem 0x00000000fee00000-0x00000000fee00fff] reserved
Mar 14 06:04:35 mola kernel: [    0.000000] BIOS-e820: [mem 0x00000000fffc0000-0x00000000ffffffff] reserved
Mar 14 06:04:35 mola kernel: [    0.000000] NX (Execute Disable) protection: active
Mar 14 06:04:35 mola kernel: [    0.000000] SMBIOS 2.5 present.
Mar 14 06:04:35 mola kernel: [    0.000000] DMI: innotek GmbH VirtualBox/VirtualBox, BIOS VirtualBox 12/01/2006
Mar 14 06:04:35 mola kernel: [    0.000000] Hypervisor detected: KVM
Mar 14 06:04:35 mola kernel: [    0.000000] kvm-clock: Using msrs 4b564d01 and 4b564d00
Mar 14 06:04:35 mola kernel: [    0.000000] kvm-clock: cpu 0, msr 21e01001, primary cpu clock
Mar 14 06:04:35 mola kernel: [    0.000003] kvm-clock: using sched offset of 5316012157 cycles
Mar 14 06:04:35 mola kernel: [    0.000005] clocksource: kvm-clock: mask: 0xffffffffffffffff max_cycles: 0x1cd42e4dffb, max_idle_ns: 881590591483 ns
Mar 14 06:04:35 mola kernel: [    0.000008] tsc: Detected 3392.290 MHz processor
Mar 14 06:04:35 mola kernel: [    0.000706] e820: update [mem 0x00000000-0x00000fff] usable ==> reserved
Mar 14 06:04:35 mola kernel: [    0.000710] e820: remove [mem 0x000a0000-0x000fffff] usable
Mar 14 06:04:35 mola kernel: [    0.000715] last_pfn = 0x3fff0 max_arch_pfn = 0x400000000
Mar 14 06:04:35 mola kernel: [    0.000728] Disabled
Mar 14 06:04:35 mola kernel: [    0.000729] x86/PAT: MTRRs disabled, skipping PAT initialization too.
Mar 14 06:04:35 mola kernel: [    0.000732] CPU MTRRs all blank - virtualized system.
Mar 14 06:04:35 mola kernel: [    0.000735] x86/PAT: Configuration [0-7]: WB  WT  UC- UC  WB  WT  UC- UC  
Mar 14 06:04:35 mola kernel: [    0.000815] found SMP MP-table at [mem 0x0009fff0-0x0009ffff]
Mar 14 06:04:35 mola kernel: [    0.000952] RAMDISK: [mem 0x2ad75000-0x316b1fff]
Mar 14 06:04:35 mola kernel: [    0.000960] ACPI: Early table checksum verification disabled
Mar 14 06:04:35 mola kernel: [    0.000964] ACPI: RSDP 0x00000000000E0000 000024 (v02 VBOX  )
Mar 14 06:04:35 mola kernel: [    0.000969] ACPI: XSDT 0x000000003FFF0030 00003C (v01 VBOX   VBOXXSDT 00000001 ASL  00000061)
Mar 14 06:04:35 mola kernel: [    0.000977] ACPI: FACP 0x000000003FFF00F0 0000F4 (v04 VBOX   VBOXFACP 00000001 ASL  00000061)
Mar 14 06:04:35 mola kernel: [    0.000984] ACPI: DSDT 0x000000003FFF0470 002325 (v02 VBOX   VBOXBIOS 00000002 INTL 20200925)
Mar 14 06:04:35 mola kernel: [    0.000989] ACPI: FACS 0x000000003FFF0200 000040
Mar 14 06:04:35 mola kernel: [    0.000993] ACPI: FACS 0x000000003FFF0200 000040
Mar 14 06:04:35 mola kernel: [    0.000997] ACPI: APIC 0x000000003FFF0240 000054 (v02 VBOX   VBOXAPIC 00000001 ASL  00000061)
Mar 14 06:04:35 mola kernel: [    0.001002] ACPI: SSDT 0x000000003FFF02A0 0001CC (v01 VBOX   VBOXCPUT 00000002 INTL 20200925)
Mar 14 06:04:35 mola kernel: [    0.001005] ACPI: Reserving FACP table memory at [mem 0x3fff00f0-0x3fff01e3]
Mar 14 06:04:35 mola kernel: [    0.001007] ACPI: Reserving DSDT table memory at [mem 0x3fff0470-0x3fff2794]
Mar 14 06:04:35 mola kernel: [    0.001008] ACPI: Reserving FACS table memory at [mem 0x3fff0200-0x3fff023f]
Mar 14 06:04:35 mola kernel: [    0.001009] ACPI: Reserving FACS table memory at [mem 0x3fff0200-0x3fff023f]
Mar 14 06:04:35 mola kernel: [    0.001010] ACPI: Reserving APIC table memory at [mem 0x3fff0240-0x3fff0293]
Mar 14 06:04:35 mola kernel: [    0.001011] ACPI: Reserving SSDT table memory at [mem 0x3fff02a0-0x3fff046b]
Mar 14 06:04:35 mola kernel: [    0.001226] No NUMA configuration found
Mar 14 06:04:35 mola kernel: [    0.001228] Faking a node at [mem 0x0000000000000000-0x000000003ffeffff]
Mar 14 06:04:35 mola kernel: [    0.001236] NODE_DATA(0) allocated [mem 0x3ffc6000-0x3ffeffff]
Mar 14 06:04:35 mola kernel: [    0.001562] Zone ranges:
Mar 14 06:04:35 mola kernel: [    0.001564]   DMA      [mem 0x0000000000001000-0x0000000000ffffff]
Mar 14 06:04:35 mola kernel: [    0.001566]   DMA32    [mem 0x0000000001000000-0x000000003ffeffff]
Mar 14 06:04:35 mola kernel: [    0.001567]   Normal   empty
Mar 14 06:04:35 mola kernel: [    0.001569]   Device   empty
Mar 14 06:04:35 mola kernel: [    0.001570] Movable zone start for each node
Mar 14 06:04:35 mola kernel: [    0.001572] Early memory node ranges
Mar 14 06:04:35 mola kernel: [    0.001573]   node   0: [mem 0x0000000000001000-0x000000000009efff]
Mar 14 06:04:35 mola kernel: [    0.001574]   node   0: [mem 0x0000000000100000-0x000000003ffeffff]
Mar 14 06:04:35 mola kernel: [    0.001576] Initmem setup node 0 [mem 0x0000000000001000-0x000000003ffeffff]
Mar 14 06:04:35 mola kernel: [    0.001581] On node 0, zone DMA: 1 pages in unavailable ranges
Mar 14 06:04:35 mola kernel: [    0.001611] On node 0, zone DMA: 97 pages in unavailable ranges
Mar 14 06:04:35 mola kernel: [    0.003762] On node 0, zone DMA32: 16 pages in unavailable ranges
Mar 14 06:04:35 mola kernel: [    0.004189] ACPI: PM-Timer IO Port: 0x4008
Mar 14 06:04:35 mola kernel: [    0.004260] IOAPIC[0]: apic_id 1, version 32, address 0xfec00000, GSI 0-23
Mar 14 06:04:35 mola kernel: [    0.004265] ACPI: INT_SRC_OVR (bus 0 bus_irq 0 global_irq 2 dfl dfl)
Mar 14 06:04:35 mola kernel: [    0.004268] ACPI: INT_SRC_OVR (bus 0 bus_irq 9 global_irq 9 low level)
Mar 14 06:04:35 mola kernel: [    0.004273] ACPI: Using ACPI (MADT) for SMP configuration information
Mar 14 06:04:35 mola kernel: [    0.004281] smpboot: Allowing 1 CPUs, 0 hotplug CPUs
Mar 14 06:04:35 mola kernel: [    0.004303] PM: hibernation: Registered nosave memory: [mem 0x00000000-0x00000fff]
Mar 14 06:04:35 mola kernel: [    0.004306] PM: hibernation: Registered nosave memory: [mem 0x0009f000-0x0009ffff]
Mar 14 06:04:35 mola kernel: [    0.004307] PM: hibernation: Registered nosave memory: [mem 0x000a0000-0x000effff]
Mar 14 06:04:35 mola kernel: [    0.004308] PM: hibernation: Registered nosave memory: [mem 0x000f0000-0x000fffff]
Mar 14 06:04:35 mola kernel: [    0.004310] [mem 0x40000000-0xfebfffff] available for PCI devices
Mar 14 06:04:35 mola kernel: [    0.004311] Booting paravirtualized kernel on KVM
Mar 14 06:04:35 mola kernel: [    0.004314] clocksource: refined-jiffies: mask: 0xffffffff max_cycles: 0xffffffff, max_idle_ns: 7645519600211568 ns
Mar 14 06:04:35 mola kernel: [    0.004320] setup_percpu: NR_CPUS:8192 nr_cpumask_bits:1 nr_cpu_ids:1 nr_node_ids:1
Mar 14 06:04:35 mola kernel: [    0.004435] percpu: Embedded 60 pages/cpu s208896 r8192 d28672 u2097152
Mar 14 06:04:35 mola kernel: [    0.004440] pcpu-alloc: s208896 r8192 d28672 u2097152 alloc=1*2097152
Mar 14 06:04:35 mola kernel: [    0.004442] pcpu-alloc: [0] 0 
Mar 14 06:04:35 mola kernel: [    0.004466] kvm-guest: PV spinlocks disabled, single CPU
Mar 14 06:04:35 mola kernel: [    0.004477] Built 1 zonelists, mobility grouping on.  Total pages: 257776
Mar 14 06:04:35 mola kernel: [    0.004479] Policy zone: DMA32
Mar 14 06:04:35 mola kernel: [    0.004480] Kernel command line: BOOT_IMAGE=/vmlinuz-5.15.0-67-generic root=/dev/mapper/ubuntu--vg-ubuntu--lv ro
Mar 14 06:04:35 mola kernel: [    0.004516] Unknown kernel command line parameters "BOOT_IMAGE=/vmlinuz-5.15.0-67-generic", will be passed to user space.
Mar 14 06:04:35 mola kernel: [    0.004561] Dentry cache hash table entries: 131072 (order: 8, 1048576 bytes, linear)
Mar 14 06:04:35 mola kernel: [    0.004582] Inode-cache hash table entries: 65536 (order: 7, 524288 bytes, linear)
Mar 14 06:04:35 mola kernel: [    0.004623] mem auto-init: stack:off, heap alloc:on, heap free:off
Mar 14 06:04:35 mola kernel: [    0.007408] Memory: 875960K/1048120K available (16393K kernel code, 4379K rwdata, 10820K rodata, 3240K init, 6556K bss, 171900K reserved, 0K cma-reserved)
Mar 14 06:04:35 mola kernel: [    0.007650] SLUB: HWalign=64, Order=0-3, MinObjects=0, CPUs=1, Nodes=1
Mar 14 06:04:35 mola kernel: [    0.007666] Kernel/User page tables isolation: enabled
Mar 14 06:04:35 mola kernel: [    0.007694] ftrace: allocating 50555 entries in 198 pages
Mar 14 06:04:35 mola kernel: [    0.027889] ftrace: allocated 198 pages with 4 groups
Mar 14 06:04:35 mola kernel: [    0.028048] rcu: Hierarchical RCU implementation.
Mar 14 06:04:35 mola kernel: [    0.028051] rcu: 	RCU restricting CPUs from NR_CPUS=8192 to nr_cpu_ids=1.
Mar 14 06:04:35 mola kernel: [    0.028053] 	Rude variant of Tasks RCU enabled.
Mar 14 06:04:35 mola kernel: [    0.028053] 	Tracing variant of Tasks RCU enabled.
Mar 14 06:04:35 mola kernel: [    0.028054] rcu: RCU calculated value of scheduler-enlistment delay is 25 jiffies.
Mar 14 06:04:35 mola kernel: [    0.028055] rcu: Adjusting geometry for rcu_fanout_leaf=16, nr_cpu_ids=1
Mar 14 06:04:35 mola kernel: [    0.031847] NR_IRQS: 524544, nr_irqs: 256, preallocated irqs: 16
Mar 14 06:04:35 mola kernel: [    0.032103] random: crng init done
Mar 14 06:04:35 mola kernel: [    0.039822] Console: colour VGA+ 80x25
Mar 14 06:04:35 mola kernel: [    0.065459] printk: console [tty0] enabled
Mar 14 06:04:35 mola kernel: [    0.065659] ACPI: Core revision 20210730
Mar 14 06:04:35 mola kernel: [    0.065963] APIC: Switch to symmetric I/O mode setup
Mar 14 06:04:35 mola kernel: [    0.066597] x2apic enabled
Mar 14 06:04:35 mola kernel: [    0.067122] Switched APIC routing to physical x2apic.
Mar 14 06:04:35 mola kernel: [    0.068418] ..TIMER: vector=0x30 apic1=0 pin1=2 apic2=-1 pin2=-1
Mar 14 06:04:35 mola kernel: [    0.068669] clocksource: tsc-early: mask: 0xffffffffffffffff max_cycles: 0x30e5dbd4831, max_idle_ns: 440795364520 ns
Mar 14 06:04:35 mola kernel: [    0.069050] Calibrating delay loop (skipped) preset value.. 6784.58 BogoMIPS (lpj=13569160)
Mar 14 06:04:35 mola kernel: [    0.069374] pid_max: default: 32768 minimum: 301
Mar 14 06:04:35 mola kernel: [    0.069589] LSM: Security Framework initializing
Mar 14 06:04:35 mola kernel: [    0.069792] landlock: Up and running.
Mar 14 06:04:35 mola kernel: [    0.069959] Yama: becoming mindful.
Mar 14 06:04:35 mola kernel: [    0.070151] AppArmor: AppArmor initialized
Mar 14 06:04:35 mola kernel: [    0.070404] Mount-cache hash table entries: 2048 (order: 2, 16384 bytes, linear)
Mar 14 06:04:35 mola kernel: [    0.070714] Mountpoint-cache hash table entries: 2048 (order: 2, 16384 bytes, linear)
Mar 14 06:04:35 mola kernel: [    0.071324] process: using mwait in idle threads
Mar 14 06:04:35 mola kernel: [    0.071525] Last level iTLB entries: 4KB 512, 2MB 8, 4MB 8
Mar 14 06:04:35 mola kernel: [    0.071754] Last level dTLB entries: 4KB 512, 2MB 32, 4MB 32, 1GB 0
Mar 14 06:04:35 mola kernel: [    0.071993] Spectre V1 : Mitigation: usercopy/swapgs barriers and __user pointer sanitization
Mar 14 06:04:35 mola kernel: [    0.072322] Spectre V2 : Mitigation: Retpolines
Mar 14 06:04:35 mola kernel: [    0.072520] Spectre V2 : Spectre v2 / SpectreRSB mitigation: Filling RSB on context switch
Mar 14 06:04:35 mola kernel: [    0.072839] Spectre V2 : Spectre v2 / SpectreRSB : Filling RSB on VMEXIT
Mar 14 06:04:35 mola kernel: [    0.073045] Speculative Store Bypass: Vulnerable
Mar 14 06:04:35 mola kernel: [    0.073045] MDS: Mitigation: Clear CPU buffers
Mar 14 06:04:35 mola kernel: [    0.073045] MMIO Stale Data: Unknown: No mitigations
Mar 14 06:04:35 mola kernel: [    0.073045] SRBDS: Unknown: Dependent on hypervisor status
Mar 14 06:04:35 mola kernel: [    0.102523] Freeing SMP alternatives memory: 44K
Mar 14 06:04:35 mola kernel: [    0.212657] smpboot: CPU0: Intel(R) Core(TM) i7-3770 CPU @ 3.40GHz (family: 0x6, model: 0x3a, stepping: 0x9)
Mar 14 06:04:35 mola kernel: [    0.213045] Performance Events: unsupported p6 CPU model 58 no PMU driver, software events only.
Mar 14 06:04:35 mola kernel: [    0.213045] rcu: Hierarchical SRCU implementation.
Mar 14 06:04:35 mola kernel: [    0.213045] NMI watchdog: Perf NMI watchdog permanently disabled
Mar 14 06:04:35 mola kernel: [    0.213045] smp: Bringing up secondary CPUs ...
Mar 14 06:04:35 mola kernel: [    0.213045] smp: Brought up 1 node, 1 CPU
Mar 14 06:04:35 mola kernel: [    0.213045] smpboot: Max logical packages: 1
Mar 14 06:04:35 mola kernel: [    0.213045] smpboot: Total of 1 processors activated (6784.58 BogoMIPS)
Mar 14 06:04:35 mola kernel: [    0.213045] devtmpfs: initialized
Mar 14 06:04:35 mola kernel: [    0.213045] x86/mm: Memory block size: 128MB
Mar 14 06:04:35 mola kernel: [    0.213045] clocksource: jiffies: mask: 0xffffffff max_cycles: 0xffffffff, max_idle_ns: 7645041785100000 ns
Mar 14 06:04:35 mola kernel: [    0.213045] futex hash table entries: 256 (order: 2, 16384 bytes, linear)
Mar 14 06:04:35 mola kernel: [    0.213045] pinctrl core: initialized pinctrl subsystem
Mar 14 06:04:35 mola kernel: [    0.213050] PM: RTC time: 06:04:26, date: 2023-03-14
Mar 14 06:04:35 mola kernel: [    0.213372] NET: Registered PF_NETLINK/PF_ROUTE protocol family
Mar 14 06:04:35 mola kernel: [    0.213678] DMA: preallocated 128 KiB GFP_KERNEL pool for atomic allocations
Mar 14 06:04:35 mola kernel: [    0.213937] DMA: preallocated 128 KiB GFP_KERNEL|GFP_DMA pool for atomic allocations
Mar 14 06:04:35 mola kernel: [    0.214248] DMA: preallocated 128 KiB GFP_KERNEL|GFP_DMA32 pool for atomic allocations
Mar 14 06:04:35 mola kernel: [    0.214553] audit: initializing netlink subsys (disabled)
Mar 14 06:04:35 mola kernel: [    0.214891] thermal_sys: Registered thermal governor 'fair_share'
Mar 14 06:04:35 mola kernel: [    0.214893] thermal_sys: Registered thermal governor 'bang_bang'
Mar 14 06:04:35 mola kernel: [    0.215117] thermal_sys: Registered thermal governor 'step_wise'
Mar 14 06:04:35 mola kernel: [    0.215358] thermal_sys: Registered thermal governor 'user_space'
Mar 14 06:04:35 mola kernel: [    0.215574] thermal_sys: Registered thermal governor 'power_allocator'
Mar 14 06:04:35 mola kernel: [    0.215801] EISA bus registered
Mar 14 06:04:35 mola kernel: [    0.216180] cpuidle: using governor ladder
Mar 14 06:04:35 mola kernel: [    0.216353] cpuidle: using governor menu
Mar 14 06:04:35 mola kernel: [    0.216546] ACPI: bus type PCI registered
Mar 14 06:04:35 mola kernel: [    0.216718] acpiphp: ACPI Hot Plug PCI Controller Driver version: 0.5
Mar 14 06:04:35 mola kernel: [    0.217073] PCI: Using configuration type 1 for base access
Mar 14 06:04:35 mola kernel: [    0.218460] Kprobes globally optimized
Mar 14 06:04:35 mola kernel: [    0.218666] audit: type=2000 audit(1678773873.473:1): state=initialized audit_enabled=0 res=1
Mar 14 06:04:35 mola kernel: [    0.219068] HugeTLB registered 2.00 MiB page size, pre-allocated 0 pages
Mar 14 06:04:35 mola kernel: [    0.220242] ACPI: Added _OSI(Module Device)
Mar 14 06:04:35 mola kernel: [    0.220893] ACPI: Added _OSI(Processor Device)
Mar 14 06:04:35 mola kernel: [    0.221045] ACPI: Added _OSI(3.0 _SCP Extensions)
Mar 14 06:04:35 mola kernel: [    0.221045] ACPI: Added _OSI(Processor Aggregator Device)
Mar 14 06:04:35 mola kernel: [    0.221045] ACPI: Added _OSI(Linux-Dell-Video)
Mar 14 06:04:35 mola kernel: [    0.221045] ACPI: Added _OSI(Linux-Lenovo-NV-HDMI-Audio)
Mar 14 06:04:35 mola kernel: [    0.221045] ACPI: Added _OSI(Linux-HPI-Hybrid-Graphics)
Mar 14 06:04:35 mola kernel: [    0.222804] ACPI: 2 ACPI AML tables successfully acquired and loaded
Mar 14 06:04:35 mola kernel: [    0.227221] ACPI: Interpreter enabled
Mar 14 06:04:35 mola kernel: [    0.227511] ACPI: PM: (supports S0 S5)
Mar 14 06:04:35 mola kernel: [    0.227773] ACPI: Using IOAPIC for interrupt routing
Mar 14 06:04:35 mola kernel: [    0.228490] PCI: Using host bridge windows from ACPI; if necessary, use "pci=nocrs" and report a bug
Mar 14 06:04:35 mola kernel: [    0.229023] PCI: Using E820 reservations for host bridge windows
Mar 14 06:04:35 mola kernel: [    0.229045] ACPI: Enabled 2 GPEs in block 00 to 07
Mar 14 06:04:35 mola kernel: [    0.237127] ACPI: PCI Root Bridge [PCI0] (domain 0000 [bus 00-ff])
Mar 14 06:04:35 mola kernel: [    0.237384] acpi PNP0A03:00: _OSC: OS supports [ASPM ClockPM Segments MSI EDR HPX-Type3]
Mar 14 06:04:35 mola kernel: [    0.238225] acpi PNP0A03:00: _OSC: not requesting OS control; OS requires [ExtendedConfig ASPM ClockPM MSI]
Mar 14 06:04:35 mola kernel: [    0.238591] acpi PNP0A03:00: fail to add MMCONFIG information, can't access extended PCI configuration space under this bridge.
Mar 14 06:04:35 mola kernel: [    0.239366] PCI host bridge to bus 0000:00
Mar 14 06:04:35 mola kernel: [    0.239545] pci_bus 0000:00: root bus resource [bus 00-ff]
Mar 14 06:04:35 mola kernel: [    0.239754] pci_bus 0000:00: root bus resource [io  0x0000-0x0cf7 window]
Mar 14 06:04:35 mola kernel: [    0.239993] pci_bus 0000:00: root bus resource [io  0x0d00-0xffff window]
Mar 14 06:04:35 mola kernel: [    0.240232] pci_bus 0000:00: root bus resource [mem 0x000a0000-0x000bffff window]
Mar 14 06:04:35 mola kernel: [    0.240522] pci_bus 0000:00: root bus resource [mem 0x40000000-0xfdffffff window]
Mar 14 06:04:35 mola kernel: [    0.241192] pci 0000:00:00.0: [8086:1237] type 00 class 0x060000
Mar 14 06:04:35 mola kernel: [    0.242295] pci 0000:00:01.0: [8086:7000] type 00 class 0x060100
Mar 14 06:04:35 mola kernel: [    0.243234] pci 0000:00:01.1: [8086:7111] type 00 class 0x01018a
Mar 14 06:04:35 mola kernel: [    0.243783] pci 0000:00:01.1: reg 0x20: [io  0xd000-0xd00f]
Mar 14 06:04:35 mola kernel: [    0.244122] pci 0000:00:01.1: legacy IDE quirk: reg 0x10: [io  0x01f0-0x01f7]
Mar 14 06:04:35 mola kernel: [    0.244389] pci 0000:00:01.1: legacy IDE quirk: reg 0x14: [io  0x03f6]
Mar 14 06:04:35 mola kernel: [    0.244632] pci 0000:00:01.1: legacy IDE quirk: reg 0x18: [io  0x0170-0x0177]
Mar 14 06:04:35 mola kernel: [    0.244894] pci 0000:00:01.1: legacy IDE quirk: reg 0x1c: [io  0x0376]
Mar 14 06:04:35 mola kernel: [    0.245828] pci 0000:00:02.0: [15ad:0405] type 00 class 0x030000
Mar 14 06:04:35 mola kernel: [    0.247099] pci 0000:00:02.0: reg 0x10: [io  0xd010-0xd01f]
Mar 14 06:04:35 mola kernel: [    0.248335] pci 0000:00:02.0: reg 0x14: [mem 0xe0000000-0xe0ffffff pref]
Mar 14 06:04:35 mola kernel: [    0.249371] pci 0000:00:02.0: reg 0x18: [mem 0xf0000000-0xf01fffff]
Mar 14 06:04:35 mola kernel: [    0.252445] pci 0000:00:02.0: Video device with shadowed ROM at [mem 0x000c0000-0x000dffff]
Mar 14 06:04:35 mola kernel: [    0.253713] pci 0000:00:03.0: [8086:100e] type 00 class 0x020000
Mar 14 06:04:35 mola kernel: [    0.254481] pci 0000:00:03.0: reg 0x10: [mem 0xf0200000-0xf021ffff]
Mar 14 06:04:35 mola kernel: [    0.255378] pci 0000:00:03.0: reg 0x18: [io  0xd020-0xd027]
Mar 14 06:04:35 mola kernel: [    0.257602] pci 0000:00:04.0: [80ee:cafe] type 00 class 0x088000
Mar 14 06:04:35 mola kernel: [    0.258181] pci 0000:00:04.0: reg 0x10: [io  0xd040-0xd05f]
Mar 14 06:04:35 mola kernel: [    0.258711] pci 0000:00:04.0: reg 0x14: [mem 0xf0400000-0xf07fffff]
Mar 14 06:04:35 mola kernel: [    0.259257] pci 0000:00:04.0: reg 0x18: [mem 0xf0800000-0xf0803fff pref]
Mar 14 06:04:35 mola kernel: [    0.261200] pci 0000:00:05.0: [8086:2415] type 00 class 0x040100
Mar 14 06:04:35 mola kernel: [    0.261542] pci 0000:00:05.0: reg 0x10: [io  0xd100-0xd1ff]
Mar 14 06:04:35 mola kernel: [    0.261807] pci 0000:00:05.0: reg 0x14: [io  0xd200-0xd23f]
Mar 14 06:04:35 mola kernel: [    0.262887] pci 0000:00:06.0: [106b:003f] type 00 class 0x0c0310
Mar 14 06:04:35 mola kernel: [    0.263869] pci 0000:00:06.0: reg 0x10: [mem 0xf0804000-0xf0804fff]
Mar 14 06:04:35 mola kernel: [    0.268446] pci 0000:00:07.0: [8086:7113] type 00 class 0x068000
Mar 14 06:04:35 mola kernel: [    0.269484] pci 0000:00:07.0: quirk: [io  0x4000-0x403f] claimed by PIIX4 ACPI
Mar 14 06:04:35 mola kernel: [    0.269949] pci 0000:00:07.0: quirk: [io  0x4100-0x410f] claimed by PIIX4 SMB
Mar 14 06:04:35 mola kernel: [    0.272216] pci 0000:00:0b.0: [8086:265c] type 00 class 0x0c0320
Mar 14 06:04:35 mola kernel: [    0.273168] pci 0000:00:0b.0: reg 0x10: [mem 0xf0805000-0xf0805fff]
Mar 14 06:04:35 mola kernel: [    0.277239] pci 0000:00:0d.0: [8086:2829] type 00 class 0x010601
Mar 14 06:04:35 mola kernel: [    0.278044] pci 0000:00:0d.0: reg 0x10: [io  0xd240-0xd247]
Mar 14 06:04:35 mola kernel: [    0.278649] pci 0000:00:0d.0: reg 0x14: [io  0xd248-0xd24b]
Mar 14 06:04:35 mola kernel: [    0.279205] pci 0000:00:0d.0: reg 0x18: [io  0xd250-0xd257]
Mar 14 06:04:35 mola kernel: [    0.279757] pci 0000:00:0d.0: reg 0x1c: [io  0xd258-0xd25b]
Mar 14 06:04:35 mola kernel: [    0.280333] pci 0000:00:0d.0: reg 0x20: [io  0xd260-0xd26f]
Mar 14 06:04:35 mola kernel: [    0.280895] pci 0000:00:0d.0: reg 0x24: [mem 0xf0806000-0xf0807fff]
Mar 14 06:04:35 mola kernel: [    0.293434] ACPI: PCI: Interrupt link LNKA configured for IRQ 11
Mar 14 06:04:35 mola kernel: [    0.294335] ACPI: PCI: Interrupt link LNKB configured for IRQ 10
Mar 14 06:04:35 mola kernel: [    0.294854] ACPI: PCI: Interrupt link LNKC configured for IRQ 9
Mar 14 06:04:35 mola kernel: [    0.295362] ACPI: PCI: Interrupt link LNKD configured for IRQ 11
Mar 14 06:04:35 mola kernel: [    0.296123] iommu: Default domain type: Translated 
Mar 14 06:04:35 mola kernel: [    0.296345] iommu: DMA domain TLB invalidation policy: lazy mode 
Mar 14 06:04:35 mola kernel: [    0.296797] SCSI subsystem initialized
Mar 14 06:04:35 mola kernel: [    0.297022] libata version 3.00 loaded.
Mar 14 06:04:35 mola kernel: [    0.297045] pci 0000:00:02.0: vgaarb: setting as boot VGA device
Mar 14 06:04:35 mola kernel: [    0.297045] pci 0000:00:02.0: vgaarb: VGA device added: decodes=io+mem,owns=io+mem,locks=none
Mar 14 06:04:35 mola kernel: [    0.297049] pci 0000:00:02.0: vgaarb: bridge control possible
Mar 14 06:04:35 mola kernel: [    0.297258] vgaarb: loaded
Mar 14 06:04:35 mola kernel: [    0.297430] ACPI: bus type USB registered
Mar 14 06:04:35 mola kernel: [    0.297609] usbcore: registered new interface driver usbfs
Mar 14 06:04:35 mola kernel: [    0.297820] usbcore: registered new interface driver hub
Mar 14 06:04:35 mola kernel: [    0.298023] usbcore: registered new device driver usb
Mar 14 06:04:35 mola kernel: [    0.298240] pps_core: LinuxPPS API ver. 1 registered
Mar 14 06:04:35 mola kernel: [    0.298432] pps_core: Software ver. 5.3.6 - Copyright 2005-2007 Rodolfo Giometti <giometti@linux.it>
Mar 14 06:04:35 mola kernel: [    0.298755] PTP clock support registered
Mar 14 06:04:35 mola kernel: [    0.298963] EDAC MC: Ver: 3.0.0
Mar 14 06:04:35 mola kernel: [    0.299532] NetLabel: Initializing
Mar 14 06:04:35 mola kernel: [    0.299687] NetLabel:  domain hash size = 128
Mar 14 06:04:35 mola kernel: [    0.299861] NetLabel:  protocols = UNLABELED CIPSOv4 CALIPSO
Mar 14 06:04:35 mola kernel: [    0.300087] NetLabel:  unlabeled traffic allowed by default
Mar 14 06:04:35 mola kernel: [    0.300327] PCI: Using ACPI for IRQ routing
Mar 14 06:04:35 mola kernel: [    0.300502] PCI: pci_cache_line_size set to 64 bytes
Mar 14 06:04:35 mola kernel: [    0.301212] e820: reserve RAM buffer [mem 0x0009fc00-0x0009ffff]
Mar 14 06:04:35 mola kernel: [    0.301218] e820: reserve RAM buffer [mem 0x3fff0000-0x3fffffff]
Mar 14 06:04:35 mola kernel: [    0.302510] clocksource: Switched to clocksource kvm-clock
Mar 14 06:04:35 mola kernel: [    0.311329] VFS: Disk quotas dquot_6.6.0
Mar 14 06:04:35 mola kernel: [    0.311541] VFS: Dquot-cache hash table entries: 512 (order 0, 4096 bytes)
Mar 14 06:04:35 mola kernel: [    0.311542] AppArmor: AppArmor Filesystem Enabled
Mar 14 06:04:35 mola kernel: [    0.311542] pnp: PnP ACPI init
Mar 14 06:04:35 mola kernel: [    0.313339] pnp: PnP ACPI: found 2 devices
Mar 14 06:04:35 mola kernel: [    0.323311] clocksource: acpi_pm: mask: 0xffffff max_cycles: 0xffffff, max_idle_ns: 2085701024 ns
Mar 14 06:04:35 mola kernel: [    0.323804] NET: Registered PF_INET protocol family
Mar 14 06:04:35 mola kernel: [    0.324070] IP idents hash table entries: 16384 (order: 5, 131072 bytes, linear)
Mar 14 06:04:35 mola kernel: [    0.325263] tcp_listen_portaddr_hash hash table entries: 512 (order: 1, 8192 bytes, linear)
Mar 14 06:04:35 mola kernel: [    0.325592] Table-perturb hash table entries: 65536 (order: 6, 262144 bytes, linear)
Mar 14 06:04:35 mola kernel: [    0.325592] TCP established hash table entries: 8192 (order: 4, 65536 bytes, linear)
Mar 14 06:04:35 mola kernel: [    0.325592] TCP bind hash table entries: 8192 (order: 5, 131072 bytes, linear)
Mar 14 06:04:35 mola kernel: [    0.325592] TCP: Hash tables configured (established 8192 bind 8192)
Mar 14 06:04:35 mola kernel: [    0.325592] MPTCP token hash table entries: 1024 (order: 2, 24576 bytes, linear)
Mar 14 06:04:35 mola kernel: [    0.325592] UDP hash table entries: 512 (order: 2, 16384 bytes, linear)
Mar 14 06:04:35 mola kernel: [    0.325592] UDP-Lite hash table entries: 512 (order: 2, 16384 bytes, linear)
Mar 14 06:04:35 mola kernel: [    0.325592] NET: Registered PF_UNIX/PF_LOCAL protocol family
Mar 14 06:04:35 mola kernel: [    0.325592] NET: Registered PF_XDP protocol family
Mar 14 06:04:35 mola kernel: [    0.325592] pci_bus 0000:00: resource 4 [io  0x0000-0x0cf7 window]
Mar 14 06:04:35 mola kernel: [    0.325592] pci_bus 0000:00: resource 5 [io  0x0d00-0xffff window]
Mar 14 06:04:35 mola kernel: [    0.325592] pci_bus 0000:00: resource 6 [mem 0x000a0000-0x000bffff window]
Mar 14 06:04:35 mola kernel: [    0.325592] pci_bus 0000:00: resource 7 [mem 0x40000000-0xfdffffff window]
Mar 14 06:04:35 mola kernel: [    0.331319] pci 0000:00:00.0: Limiting direct PCI/PCI transfers
Mar 14 06:04:35 mola kernel: [    0.331679] pci 0000:00:01.0: Activating ISA DMA hang workarounds
Mar 14 06:04:35 mola kernel: [    0.335615] PCI: CLS 0 bytes, default 64
Mar 14 06:04:35 mola kernel: [    0.335888] Trying to unpack rootfs image as initramfs...
Mar 14 06:04:35 mola kernel: [    0.353460] clocksource: tsc: mask: 0xffffffffffffffff max_cycles: 0x30e5dbd4831, max_idle_ns: 440795364520 ns
Mar 14 06:04:35 mola kernel: [    0.353859] clocksource: Switched to clocksource tsc
Mar 14 06:04:35 mola kernel: [    0.354098] platform rtc_cmos: registered platform RTC device (no PNP device found)
Mar 14 06:04:35 mola kernel: [    0.354701] Initialise system trusted keyrings
Mar 14 06:04:35 mola kernel: [    0.354910] Key type blacklist registered
Mar 14 06:04:35 mola kernel: [    0.355154] workingset: timestamp_bits=36 max_order=18 bucket_order=0
Mar 14 06:04:35 mola kernel: [    0.356995] zbud: loaded
Mar 14 06:04:35 mola kernel: [    0.357118] squashfs: version 4.0 (2009/01/31) Phillip Lougher
Mar 14 06:04:35 mola kernel: [    0.357118] fuse: init (API version 7.34)
Mar 14 06:04:35 mola kernel: [    0.357118] integrity: Platform Keyring initialized
Mar 14 06:04:35 mola kernel: [    0.357118] Key type asymmetric registered
Mar 14 06:04:35 mola kernel: [    0.357118] Asymmetric key parser 'x509' registered
Mar 14 06:04:35 mola kernel: [    0.357118] Block layer SCSI generic (bsg) driver version 0.4 loaded (major 243)
Mar 14 06:04:35 mola kernel: [    0.357118] io scheduler mq-deadline registered
Mar 14 06:04:35 mola kernel: [    0.357118] shpchp: Standard Hot Plug PCI Controller Driver version: 0.4
Mar 14 06:04:35 mola kernel: [    0.385718] ACPI: AC: AC Adapter [AC] (on-line)
Mar 14 06:04:35 mola kernel: [    0.386140] input: Power Button as /devices/LNXSYSTM:00/LNXPWRBN:00/input/input0
Mar 14 06:04:35 mola kernel: [    0.386590] ACPI: button: Power Button [PWRF]
Mar 14 06:04:35 mola kernel: [    0.386928] input: Sleep Button as /devices/LNXSYSTM:00/LNXSLPBN:00/input/input1
Mar 14 06:04:35 mola kernel: [    0.387397] ACPI: button: Sleep Button [SLPF]
Mar 14 06:04:35 mola kernel: [    0.387944] Serial: 8250/16550 driver, 32 ports, IRQ sharing enabled
Mar 14 06:04:35 mola kernel: [    0.389244] Linux agpgart interface v0.103
Mar 14 06:04:35 mola kernel: [    0.390888] loop: module loaded
Mar 14 06:04:35 mola kernel: [    0.391157] ata_piix 0000:00:01.1: version 2.13
Mar 14 06:04:35 mola rsyslogd: imuxsock: Acquired UNIX socket '/run/systemd/journal/syslog' (fd 3) from systemd.  [v8.2112.0]
Mar 14 06:04:35 mola rsyslogd: rsyslogd's groupid changed to 113
Mar 14 06:04:35 mola rsyslogd: rsyslogd's userid changed to 107
Mar 14 06:04:35 mola rsyslogd: [origin software="rsyslogd" swVersion="8.2112.0" x-pid="643" x-info="https://www.rsyslog.com"] start
Mar 14 06:04:35 mola /usr/sbin/irqbalance: Balancing is ineffective on systems with a single cpu.  Shutting down
Mar 14 06:04:35 mola systemd[1]: irqbalance.service: Deactivated successfully.
Mar 14 06:04:35 mola dbus-daemon[635]: dbus[635]: Unknown group "power" in message bus configuration file
Mar 14 06:04:35 mola apport[632]:  * Starting automatic crash report generation: apport
Mar 14 06:04:35 mola kernel: [    0.391503] scsi host0: ata_piix
Mar 14 06:04:35 mola kernel: [    0.391756] scsi host1: ata_piix
Mar 14 06:04:35 mola kernel: [    0.391940] ata1: PATA max UDMA/33 cmd 0x1f0 ctl 0x3f6 bmdma 0xd000 irq 14
Mar 14 06:04:35 mola kernel: [    0.392206] ata2: PATA max UDMA/33 cmd 0x170 ctl 0x376 bmdma 0xd008 irq 15
Mar 14 06:04:35 mola kernel: [    0.392576] tun: Universal TUN/TAP device driver, 1.6
Mar 14 06:04:35 mola kernel: [    0.393033] PPP generic driver version 2.4.2
Mar 14 06:04:35 mola kernel: [    0.393290] VFIO - User Level meta-driver version: 0.3
Mar 14 06:04:35 mola kernel: [    0.393611] ehci_hcd: USB 2.0 'Enhanced' Host Controller (EHCI) Driver
Mar 14 06:04:35 mola kernel: [    0.393888] ehci-pci: EHCI PCI platform driver
Mar 14 06:04:35 mola kernel: [    0.394694] ehci-pci 0000:00:0b.0: EHCI Host Controller
Mar 14 06:04:35 mola kernel: [    0.394903] ehci-pci 0000:00:0b.0: new USB bus registered, assigned bus number 1
Mar 14 06:04:35 mola kernel: [    0.395382] ehci-pci 0000:00:0b.0: irq 19, io mem 0xf0805000
Mar 14 06:04:35 mola kernel: [    0.411484] ehci-pci 0000:00:0b.0: USB 2.0 started, EHCI 1.00
Mar 14 06:04:35 mola kernel: [    0.411953] usb usb1: New USB device found, idVendor=1d6b, idProduct=0002, bcdDevice= 5.15
Mar 14 06:04:35 mola kernel: [    0.412448] usb usb1: New USB device strings: Mfr=3, Product=2, SerialNumber=1
Mar 14 06:04:35 mola kernel: [    0.412865] usb usb1: Product: EHCI Host Controller
Mar 14 06:04:35 mola kernel: [    0.413161] usb usb1: Manufacturer: Linux 5.15.0-67-generic ehci_hcd
Mar 14 06:04:35 mola kernel: [    0.413515] usb usb1: SerialNumber: 0000:00:0b.0
Mar 14 06:04:35 mola kernel: [    0.413963] hub 1-0:1.0: USB hub found
Mar 14 06:04:35 mola kernel: [    0.414232] hub 1-0:1.0: 12 ports detected
Mar 14 06:04:35 mola kernel: [    0.417950] ehci-platform: EHCI generic platform driver
Mar 14 06:04:35 mola kernel: [    0.418693] ohci_hcd: USB 1.1 'Open' Host Controller (OHCI) Driver
Mar 14 06:04:35 mola kernel: [    0.418948] ohci-pci: OHCI PCI platform driver
Mar 14 06:04:35 mola kernel: [    0.419853] ohci-pci 0000:00:06.0: OHCI PCI host controller
Mar 14 06:04:35 mola kernel: [    0.420108] ohci-pci 0000:00:06.0: new USB bus registered, assigned bus number 2
Mar 14 06:04:35 mola kernel: [    0.420501] ohci-pci 0000:00:06.0: irq 22, io mem 0xf0804000
Mar 14 06:04:35 mola kernel: [    0.480596] usb usb2: New USB device found, idVendor=1d6b, idProduct=0001, bcdDevice= 5.15
Mar 14 06:04:35 mola kernel: [    0.480949] usb usb2: New USB device strings: Mfr=3, Product=2, SerialNumber=1
Mar 14 06:04:35 mola kernel: [    0.481241] usb usb2: Product: OHCI PCI host controller
Mar 14 06:04:35 mola kernel: [    0.481451] usb usb2: Manufacturer: Linux 5.15.0-67-generic ohci_hcd
Mar 14 06:04:35 mola kernel: [    0.481693] usb usb2: SerialNumber: 0000:00:06.0
Mar 14 06:04:35 mola kernel: [    0.482137] hub 2-0:1.0: USB hub found
Mar 14 06:04:35 mola kernel: [    0.482416] hub 2-0:1.0: 12 ports detected
Mar 14 06:04:35 mola kernel: [    0.483260] ohci-platform: OHCI generic platform driver
Mar 14 06:04:35 mola kernel: [    0.483579] uhci_hcd: USB Universal Host Controller Interface driver
Mar 14 06:04:35 mola kernel: [    0.484057] i8042: PNP: PS/2 Controller [PNP0303:PS2K,PNP0f03:PS2M] at 0x60,0x64 irq 1,12
Mar 14 06:04:35 mola kernel: [    0.485037] serio: i8042 KBD port at 0x60,0x64 irq 1
Mar 14 06:04:35 mola kernel: [    0.485342] serio: i8042 AUX port at 0x60,0x64 irq 12
Mar 14 06:04:35 mola kernel: [    0.491219] mousedev: PS/2 mouse device common for all mice
Mar 14 06:04:35 mola kernel: [    0.491900] input: AT Translated Set 2 keyboard as /devices/platform/i8042/serio0/input/input2
Mar 14 06:04:35 mola kernel: [    0.493113] rtc_cmos rtc_cmos: registered as rtc0
Mar 14 06:04:35 mola kernel: [    0.493500] rtc_cmos rtc_cmos: setting system clock to 2023-03-14T06:04:26 UTC (1678773866)
Mar 14 06:04:35 mola kernel: [    0.494015] rtc_cmos rtc_cmos: alarms up to one day, 114 bytes nvram
Mar 14 06:04:35 mola kernel: [    0.494381] i2c_dev: i2c /dev entries driver
Mar 14 06:04:35 mola kernel: [    0.494689] device-mapper: core: CONFIG_IMA_DISABLE_HTABLE is disabled. Duplicate IMA measurements will not be recorded in the IMA log.
Mar 14 06:04:35 mola kernel: [    0.495145] device-mapper: uevent: version 1.0.3
Mar 14 06:04:35 mola kernel: [    0.495397] device-mapper: ioctl: 4.45.0-ioctl (2021-03-22) initialised: dm-devel@redhat.com
Mar 14 06:04:35 mola kernel: [    0.495735] platform eisa.0: Probing EISA bus 0
Mar 14 06:04:35 mola kernel: [    0.495922] platform eisa.0: EISA: Cannot allocate resource for mainboard
Mar 14 06:04:35 mola kernel: [    0.496203] platform eisa.0: Cannot allocate resource for EISA slot 1
Mar 14 06:04:35 mola kernel: [    0.496446] platform eisa.0: Cannot allocate resource for EISA slot 2
Mar 14 06:04:35 mola kernel: [    0.496676] platform eisa.0: Cannot allocate resource for EISA slot 3
Mar 14 06:04:35 mola kernel: [    0.496906] platform eisa.0: Cannot allocate resource for EISA slot 4
Mar 14 06:04:35 mola kernel: [    0.497136] platform eisa.0: Cannot allocate resource for EISA slot 5
Mar 14 06:04:35 mola kernel: [    0.497366] platform eisa.0: Cannot allocate resource for EISA slot 6
Mar 14 06:04:35 mola kernel: [    0.497459] platform eisa.0: Cannot allocate resource for EISA slot 7
Mar 14 06:04:35 mola kernel: [    0.497459] platform eisa.0: Cannot allocate resource for EISA slot 8
Mar 14 06:04:35 mola kernel: [    0.497459] platform eisa.0: EISA: Detected 0 cards
Mar 14 06:04:35 mola kernel: [    0.497459] intel_pstate: CPU model not supported
Mar 14 06:04:35 mola kernel: [    0.502065] ledtrig-cpu: registered to indicate activity on CPUs
Mar 14 06:04:35 mola kernel: [    0.502532] drop_monitor: Initializing network drop monitor service
Mar 14 06:04:35 mola kernel: [    0.502938] NET: Registered PF_INET6 protocol family
Mar 14 06:04:35 mola kernel: [    0.563787] ata2.00: ATAPI: VBOX CD-ROM, 1.0, max UDMA/133
Mar 14 06:04:35 mola kernel: [    0.565348] scsi 1:0:0:0: CD-ROM            VBOX     CD-ROM           1.0  PQ: 0 ANSI: 5
Mar 14 06:04:35 mola kernel: [    0.586568] sr 1:0:0:0: [sr0] scsi3-mmc drive: 32x/32x xa/form2 tray
Mar 14 06:04:35 mola kernel: [    0.586927] cdrom: Uniform CD-ROM driver Revision: 3.20
Mar 14 06:04:35 mola kernel: [    0.612142] sr 1:0:0:0: Attached scsi CD-ROM sr0
Mar 14 06:04:35 mola kernel: [    0.612312] sr 1:0:0:0: Attached scsi generic sg0 type 5
Mar 14 06:04:35 mola kernel: [    0.939392] usb 2-1: new full-speed USB device number 2 using ohci-pci
Mar 14 06:04:35 mola kernel: [    1.097632] Freeing initrd memory: 107764K
Mar 14 06:04:35 mola kernel: [    1.113194] Segment Routing with IPv6
Mar 14 06:04:35 mola kernel: [    1.113326] In-situ OAM (IOAM) with IPv6
Mar 14 06:04:35 mola kernel: [    1.113326] NET: Registered PF_PACKET protocol family
Mar 14 06:04:35 mola kernel: [    1.113326] Key type dns_resolver registered
Mar 14 06:04:35 mola kernel: [    1.113326] IPI shorthand broadcast: enabled
Mar 14 06:04:35 mola kernel: [    1.113326] sched_clock: Marking stable (1072378155, 36948797)->(1111533895, -2206943)
Mar 14 06:04:35 mola kernel: [    1.114704] registered taskstats version 1
Mar 14 06:04:35 mola kernel: [    1.114896] Loading compiled-in X.509 certificates
Mar 14 06:04:35 mola kernel: [    1.115620] Loaded X.509 cert 'Build time autogenerated kernel key: 4919d01b97f8f8ece5362917619ef42f1d265e85'
Mar 14 06:04:35 mola kernel: [    1.116487] Loaded X.509 cert 'Canonical Ltd. Live Patch Signing: 14df34d1a87cf37625abec039ef2bf521249b969'
Mar 14 06:04:35 mola kernel: [    1.117308] Loaded X.509 cert 'Canonical Ltd. Kernel Module Signing: 88f752e560a1e0737e31163a466ad7b70a850c19'
Mar 14 06:04:35 mola kernel: [    1.117653] blacklist: Loading compiled-in revocation X.509 certificates
Mar 14 06:04:35 mola kernel: [    1.117901] Loaded X.509 cert 'Canonical Ltd. Secure Boot Signing: 61482aa2830d0ab2ad5af10b7250da9033ddcef0'
Mar 14 06:04:35 mola kernel: [    1.118256] Loaded X.509 cert 'Canonical Ltd. Secure Boot Signing (2017): 242ade75ac4a15e50d50c84b0d45ff3eae707a03'
Mar 14 06:04:35 mola kernel: [    1.118623] Loaded X.509 cert 'Canonical Ltd. Secure Boot Signing (ESM 2018): 365188c1d374d6b07c3c8f240f8ef722433d6a8b'
Mar 14 06:04:35 mola kernel: [    1.119063] Loaded X.509 cert 'Canonical Ltd. Secure Boot Signing (2019): c0746fd6c5da3ae827864651ad66ae47fe24b3e8'
Mar 14 06:04:35 mola kernel: [    1.119438] Loaded X.509 cert 'Canonical Ltd. Secure Boot Signing (2021 v1): a8d54bbb3825cfb94fa13c9f8a594a195c107b8d'
Mar 14 06:04:35 mola kernel: [    1.119813] Loaded X.509 cert 'Canonical Ltd. Secure Boot Signing (2021 v2): 4cf046892d6fd3c9a5b03f98d845f90851dc6a8c'
Mar 14 06:04:35 mola kernel: [    1.120241] Loaded X.509 cert 'Canonical Ltd. Secure Boot Signing (2021 v3): 100437bb6de6e469b581e61cd66bce3ef4ed53af'
Mar 14 06:04:35 mola kernel: [    1.120760] Loaded X.509 cert 'Canonical Ltd. Secure Boot Signing (Ubuntu Core 2019): c1d57b8f6b743f23ee41f4f7ee292f06eecadfb9'
Mar 14 06:04:35 mola kernel: [    1.121441] zswap: loaded using pool lzo/zbud
Mar 14 06:04:35 mola kernel: [    1.121914] Key type .fscrypt registered
Mar 14 06:04:35 mola kernel: [    1.122096] Key type fscrypt-provisioning registered
Mar 14 06:04:35 mola kernel: [    1.126946] Key type encrypted registered
Mar 14 06:04:35 mola kernel: [    1.127178] AppArmor: AppArmor sha1 policy hashing enabled
Mar 14 06:04:35 mola kernel: [    1.127522] ima: No TPM chip found, activating TPM-bypass!
Mar 14 06:04:35 mola kernel: [    1.127846] Loading compiled-in module X.509 certificates
Mar 14 06:04:35 mola kernel: [    1.129014] Loaded X.509 cert 'Build time autogenerated kernel key: 4919d01b97f8f8ece5362917619ef42f1d265e85'
Mar 14 06:04:35 mola kernel: [    1.129562] ima: Allocated hash algorithm: sha1
Mar 14 06:04:35 mola kernel: [    1.129850] ima: No architecture policies found
Mar 14 06:04:35 mola kernel: [    1.130144] evm: Initialising EVM extended attributes:
Mar 14 06:04:35 mola kernel: [    1.130449] evm: security.selinux
Mar 14 06:04:35 mola kernel: [    1.130682] evm: security.SMACK64
Mar 14 06:04:35 mola kernel: [    1.130915] evm: security.SMACK64EXEC
Mar 14 06:04:35 mola kernel: [    1.131161] evm: security.SMACK64TRANSMUTE
Mar 14 06:04:35 mola kernel: [    1.131426] evm: security.SMACK64MMAP
Mar 14 06:04:35 mola kernel: [    1.131671] evm: security.apparmor
Mar 14 06:04:35 mola kernel: [    1.131885] evm: security.ima
Mar 14 06:04:35 mola kernel: [    1.132087] evm: security.capability
Mar 14 06:04:35 mola kernel: [    1.132252] evm: HMAC attrs: 0x1
Mar 14 06:04:35 mola kernel: [    1.132723] PM:   Magic number: 15:180:64
Mar 14 06:04:35 mola kernel: [    1.133100] RAS: Correctable Errors collector initialized.
Mar 14 06:04:35 mola kernel: [    1.134455] Freeing unused decrypted memory: 2036K
Mar 14 06:04:35 mola kernel: [    1.134969] Freeing unused kernel image (initmem) memory: 3240K
Mar 14 06:04:35 mola kernel: [    1.141154] Write protecting the kernel read-only data: 30720k
Mar 14 06:04:35 mola kernel: [    1.141755] Freeing unused kernel image (text/rodata gap) memory: 2036K
Mar 14 06:04:35 mola kernel: [    1.142281] Freeing unused kernel image (rodata/data gap) memory: 1468K
Mar 14 06:04:35 mola kernel: [    1.184327] x86/mm: Checked W+X mappings: passed, no W+X pages found.
Mar 14 06:04:35 mola kernel: [    1.184608] x86/mm: Checking user space page tables
Mar 14 06:04:35 mola kernel: [    1.224107] x86/mm: Checked W+X mappings: passed, no W+X pages found.
Mar 14 06:04:35 mola kernel: [    1.224468] Run /init as init process
Mar 14 06:04:35 mola kernel: [    1.224710]   with arguments:
Mar 14 06:04:35 mola kernel: [    1.224712]     /init
Mar 14 06:04:35 mola kernel: [    1.224714]   with environment:
Mar 14 06:04:35 mola kernel: [    1.224715]     HOME=/
Mar 14 06:04:35 mola kernel: [    1.224716]     TERM=linux
Mar 14 06:04:35 mola systemd[1]: grub-common.service: Deactivated successfully.
Mar 14 06:04:35 mola systemd[1]: Finished Record successful boot for GRUB.
Mar 14 06:04:35 mola systemd[1]: Starting GRUB failed boot detection...
Mar 14 06:04:35 mola kernel: [    1.224717]     BOOT_IMAGE=/vmlinuz-5.15.0-67-generic
Mar 14 06:04:35 mola kernel: [    1.335468] usb 2-1: New USB device found, idVendor=80ee, idProduct=0021, bcdDevice= 1.00
Mar 14 06:04:35 mola kernel: [    1.335783] usb 2-1: New USB device strings: Mfr=1, Product=3, SerialNumber=0
Mar 14 06:04:35 mola kernel: [    1.336066] usb 2-1: Product: USB Tablet
Mar 14 06:04:35 mola kernel: [    1.336231] usb 2-1: Manufacturer: VirtualBox
Mar 14 06:04:35 mola kernel: [    1.407229] e1000: Intel(R) PRO/1000 Network Driver
Mar 14 06:04:35 mola kernel: [    1.407450] e1000: Copyright (c) 1999-2006 Intel Corporation.
Mar 14 06:04:35 mola kernel: [    1.415305] piix4_smbus 0000:00:07.0: SMBus Host Controller at 0x4100, revision 0
Mar 14 06:04:35 mola kernel: [    1.422728] ahci 0000:00:0d.0: version 3.0
Mar 14 06:04:35 mola kernel: [    1.438507] ahci 0000:00:0d.0: SSS flag set, parallel bus scan disabled
Mar 14 06:04:35 mola kernel: [    1.438871] ahci 0000:00:0d.0: AHCI 0001.0100 32 slots 1 ports 3 Gbps 0x1 impl SATA mode
Mar 14 06:04:35 mola kernel: [    1.439189] ahci 0000:00:0d.0: flags: 64bit ncq stag only ccc 
Mar 14 06:04:35 mola kernel: [    1.451034] scsi host2: ahci
Mar 14 06:04:35 mola kernel: [    1.451263] ata3: SATA max UDMA/133 abar m8192@0xf0806000 port 0xf0806100 irq 21
Mar 14 06:04:35 mola kernel: [    1.465882] cryptd: max_cpu_qlen set to 1000
Mar 14 06:04:35 mola kernel: [    1.493189] ACPI: video: Video Device [GFX0] (multi-head: yes  rom: no  post: no)
Mar 14 06:04:35 mola kernel: [    1.493767] input: Video Bus as /devices/LNXSYSTM:00/LNXSYBUS:00/PNP0A03:00/LNXVIDEO:00/input/input5
Mar 14 06:04:35 mola kernel: [    1.583431] hid: raw HID events driver (C) Jiri Kosina
Mar 14 06:04:35 mola kernel: [    1.654207] input: ImExPS/2 Generic Explorer Mouse as /devices/platform/i8042/serio1/input/input4
Mar 14 06:04:35 mola kernel: [    1.782457] ata3: SATA link up 3.0 Gbps (SStatus 123 SControl 300)
Mar 14 06:04:35 mola kernel: [    1.782926] ata3.00: ATA-6: VBOX HARDDISK, 1.0, max UDMA/133
Mar 14 06:04:35 mola kernel: [    1.783159] ata3.00: 20971520 sectors, multi 128: LBA48 NCQ (depth 32)
Mar 14 06:04:35 mola kernel: [    1.787612] ata3.00: configured for UDMA/133
Mar 14 06:04:35 mola kernel: [    1.787905] scsi 2:0:0:0: Direct-Access     ATA      VBOX HARDDISK    1.0  PQ: 0 ANSI: 5
Mar 14 06:04:35 mola kernel: [    1.788458] sd 2:0:0:0: [sda] 20971520 512-byte logical blocks: (10.7 GB/10.0 GiB)
Mar 14 06:04:35 mola kernel: [    1.788774] sd 2:0:0:0: [sda] Write Protect is off
Mar 14 06:04:35 mola kernel: [    1.788972] sd 2:0:0:0: [sda] Mode Sense: 00 3a 00 00
Mar 14 06:04:35 mola kernel: [    1.788989] sd 2:0:0:0: Attached scsi generic sg1 type 0
Mar 14 06:04:35 mola kernel: [    1.789234] sd 2:0:0:0: [sda] Write cache: enabled, read cache: enabled, doesn't support DPO or FUA
Mar 14 06:04:35 mola kernel: [    1.826382]  sda: sda1 sda2 sda3
Mar 14 06:04:35 mola kernel: [    1.845130] sd 2:0:0:0: [sda] Attached SCSI disk
Mar 14 06:04:35 mola kernel: [    1.861171] AVX version of gcm_enc/dec engaged.
Mar 14 06:04:35 mola kernel: [    1.861446] AES CTR mode by8 optimization enabled
Mar 14 06:04:35 mola kernel: [    1.868078] usbcore: registered new interface driver usbhid
Mar 14 06:04:35 mola kernel: [    1.868313] usbhid: USB HID core driver
Mar 14 06:04:35 mola kernel: [    1.872517] input: VirtualBox USB Tablet as /devices/pci0000:00/0000:00:06.0/usb2/2-1/2-1:1.0/0003:80EE:0021.0001/input/input6
Mar 14 06:04:35 mola kernel: [    1.874012] hid-generic 0003:80EE:0021.0001: input,hidraw0: USB HID v1.10 Mouse [VirtualBox USB Tablet] on usb-0000:00:06.0-1/input0
Mar 14 06:04:35 mola kernel: [    1.913792] vmwgfx 0000:00:02.0: vgaarb: deactivate vga console
Mar 14 06:04:35 mola kernel: [    1.915040] Console: switching to colour dummy device 80x25
Mar 14 06:04:35 mola kernel: [    1.916796] [TTM] Zone  kernel: Available graphics memory: 496404 KiB
Mar 14 06:04:35 mola kernel: [    1.916864] vmwgfx 0000:00:02.0: [drm] FIFO at 0x00000000f0000000 size is 2048 kiB
Mar 14 06:04:35 mola kernel: [    1.916877] vmwgfx 0000:00:02.0: [drm] VRAM at 0x00000000e0000000 size is 16384 kiB
Mar 14 06:04:35 mola kernel: [    1.916887] vmwgfx 0000:00:02.0: [drm] Running on SVGA version 2.
Mar 14 06:04:35 mola kernel: [    1.916892] vmwgfx 0000:00:02.0: [drm] DMA map mode: Caching DMA mappings.
Mar 14 06:04:35 mola kernel: [    1.916932] vmwgfx 0000:00:02.0: [drm] Legacy memory limits: VRAM = 16384 kB, FIFO = 2048 kB, surface = 507904 kB
Mar 14 06:04:35 mola kernel: [    1.916938] vmwgfx 0000:00:02.0: [drm] MOB limits: max mob size = 0 kB, max mob pages = 0
Mar 14 06:04:35 mola kernel: [    1.916944] vmwgfx 0000:00:02.0: [drm] Capabilities: cursor, cursor bypass 2, alpha cursor, 3D, extended fifo, pitchlock, irq mask, gmr, traces, gmr2, screen object 2, 
Mar 14 06:04:35 mola kernel: [    1.916996] vmwgfx 0000:00:02.0: [drm] Max GMR ids is 8192
Mar 14 06:04:35 mola kernel: [    1.916999] vmwgfx 0000:00:02.0: [drm] Max number of GMR pages is 1048576
Mar 14 06:04:35 mola kernel: [    1.917001] vmwgfx 0000:00:02.0: [drm] Maximum display memory size is 16384 kiB
Mar 14 06:04:35 mola kernel: [    1.921681] vmwgfx 0000:00:02.0: [drm] Screen Object display unit initialized
Mar 14 06:04:35 mola kernel: [    1.922113] vmwgfx 0000:00:02.0: [drm] Fifo max 0x00200000 min 0x00001000 cap 0x00000355
Mar 14 06:04:35 mola kernel: [    1.922129] vmwgfx 0000:00:02.0: [drm] Available shader model: Legacy.
Mar 14 06:04:35 mola kernel: [    1.922135] [drm:vmw_host_printf [vmwgfx]] *ERROR* Failed to send host log message.
Mar 14 06:04:35 mola kernel: [    1.925152] fbcon: svgadrmfb (fb0) is primary device
Mar 14 06:04:35 mola kernel: [    1.926536] Console: switching to colour frame buffer device 100x37
Mar 14 06:04:35 mola kernel: [    1.931090] [drm] Initialized vmwgfx 2.19.0 20210722 for 0000:00:02.0 on minor 0
Mar 14 06:04:35 mola kernel: [    1.958475] e1000 0000:00:03.0 eth0: (PCI:33MHz:32-bit) 08:00:27:43:bc:41
Mar 14 06:04:35 mola kernel: [    1.958513] e1000 0000:00:03.0 eth0: Intel(R) PRO/1000 Network Connection
Mar 14 06:04:35 mola kernel: [    1.960138] e1000 0000:00:03.0 enp0s3: renamed from eth0
Mar 14 06:04:35 mola kernel: [    2.379906] raid6: sse2x4   gen() 14607 MB/s
Mar 14 06:04:35 mola kernel: [    2.459517] raid6: sse2x4   xor()  8180 MB/s
Mar 14 06:04:35 mola kernel: [    2.539688] raid6: sse2x2   gen() 16342 MB/s
Mar 14 06:04:35 mola kernel: [    2.617696] raid6: sse2x2   xor()  9164 MB/s
Mar 14 06:04:35 mola kernel: [    2.699775] raid6: sse2x1   gen() 15153 MB/s
Mar 14 06:04:35 mola kernel: [    2.779756] raid6: sse2x1   xor()  8532 MB/s
Mar 14 06:04:35 mola kernel: [    2.779791] raid6: using algorithm sse2x2 gen() 16342 MB/s
Mar 14 06:04:35 mola kernel: [    2.780534] raid6: .... xor() 9164 MB/s, rmw enabled
Mar 14 06:04:35 mola kernel: [    2.781012] raid6: using ssse3x2 recovery algorithm
Mar 14 06:04:35 mola kernel: [    2.783661] xor: automatically using best checksumming function   avx       
Mar 14 06:04:35 mola kernel: [    2.785939] async_tx: api initialized (async)
Mar 14 06:04:35 mola kernel: [    2.899916] Btrfs loaded, crc32c=crc32c-intel, zoned=yes, fsverity=yes
Mar 14 06:04:35 mola kernel: [    3.082526] EXT4-fs (dm-0): mounted filesystem with ordered data mode. Opts: (null). Quota mode: none.
Mar 14 06:04:35 mola kernel: [    3.324042] systemd[1]: Inserted module 'autofs4'
Mar 14 06:04:35 mola kernel: [    3.348568] systemd[1]: systemd 249.11-0ubuntu3.7 running in system mode (+PAM +AUDIT +SELINUX +APPARMOR +IMA +SMACK +SECCOMP +GCRYPT +GNUTLS +OPENSSL +ACL +BLKID +CURL +ELFUTILS +FIDO2 +IDN2 -IDN +IPTC +KMOD +LIBCRYPTSETUP +LIBFDISK +PCRE2 -PWQUALITY -P11KIT -QRENCODE +BZIP2 +LZ4 +XZ +ZLIB +ZSTD -XKBCOMMON +UTMP +SYSVINIT default-hierarchy=unified)
Mar 14 06:04:35 mola kernel: [    3.350596] systemd[1]: Detected virtualization oracle.
Mar 14 06:04:35 mola kernel: [    3.351070] systemd[1]: Detected architecture x86-64.
Mar 14 06:04:35 mola kernel: [    3.354310] systemd[1]: Hostname set to <mola>.
Mar 14 06:04:35 mola kernel: [    3.771925] systemd[1]: Queued start job for default target Graphical Interface.
Mar 14 06:04:35 mola kernel: [    3.774021] systemd[1]: Created slice Slice /system/modprobe.
Mar 14 06:04:35 mola kernel: [    3.775536] systemd[1]: Created slice Slice /system/systemd-fsck.
Mar 14 06:04:35 mola kernel: [    3.776970] systemd[1]: Created slice User and Session Slice.
Mar 14 06:04:35 mola kernel: [    3.778091] systemd[1]: Started Forward Password Requests to Wall Directory Watch.
Mar 14 06:04:35 mola kernel: [    3.779345] systemd[1]: Set up automount Arbitrary Executable File Formats File System Automount Point.
Mar 14 06:04:35 mola kernel: [    3.781084] systemd[1]: Reached target Slice Units.
Mar 14 06:04:35 mola kernel: [    3.782297] systemd[1]: Reached target Local Verity Protected Volumes.
Mar 14 06:04:35 mola kernel: [    3.783947] systemd[1]: Listening on Device-mapper event daemon FIFOs.
Mar 14 06:04:35 mola kernel: [    3.785333] systemd[1]: Listening on LVM2 poll daemon socket.
Mar 14 06:04:35 mola kernel: [    3.787616] systemd[1]: Listening on multipathd control socket.
Mar 14 06:04:35 mola kernel: [    3.789724] systemd[1]: Listening on Syslog Socket.
Mar 14 06:04:35 mola kernel: [    3.790949] systemd[1]: Listening on fsck to fsckd communication Socket.
Mar 14 06:04:35 mola kernel: [    3.792177] systemd[1]: Listening on initctl Compatibility Named Pipe.
Mar 14 06:04:35 mola kernel: [    3.793658] systemd[1]: Listening on Journal Audit Socket.
Mar 14 06:04:35 mola kernel: [    3.794897] systemd[1]: Listening on Journal Socket (/dev/log).
Mar 14 06:04:35 mola kernel: [    3.796170] systemd[1]: Listening on Journal Socket.
Mar 14 06:04:35 mola kernel: [    3.797520] systemd[1]: Listening on Network Service Netlink Socket.
Mar 14 06:04:35 mola kernel: [    3.798825] systemd[1]: Listening on udev Control Socket.
Mar 14 06:04:35 mola kernel: [    3.800098] systemd[1]: Listening on udev Kernel Socket.
Mar 14 06:04:35 mola kernel: [    3.802303] systemd[1]: Mounting Huge Pages File System...
Mar 14 06:04:35 mola kernel: [    3.807100] systemd[1]: Mounting POSIX Message Queue File System...
Mar 14 06:04:35 mola kernel: [    3.811621] systemd[1]: Mounting Kernel Debug File System...
Mar 14 06:04:35 mola kernel: [    3.815401] systemd[1]: Mounting Kernel Trace File System...
Mar 14 06:04:35 mola kernel: [    3.819476] systemd[1]: Starting Journal Service...
Mar 14 06:04:35 mola kernel: [    3.827443] systemd[1]: Starting Set the console keyboard layout...
Mar 14 06:04:35 mola kernel: [    3.833921] systemd[1]: Starting Create List of Static Device Nodes...
Mar 14 06:04:35 mola kernel: [    3.838665] systemd[1]: Starting Monitoring of LVM2 mirrors, snapshots etc. using dmeventd or progress polling...
Mar 14 06:04:35 mola kernel: [    3.840459] systemd[1]: Condition check resulted in LXD - agent being skipped.
Mar 14 06:04:35 mola kernel: [    3.846320] systemd[1]: Starting Load Kernel Module chromeos_pstore...
Mar 14 06:04:35 mola kernel: [    3.855776] systemd[1]: Starting Load Kernel Module configfs...
Mar 14 06:04:35 mola kernel: [    3.860705] systemd[1]: Starting Load Kernel Module drm...
Mar 14 06:04:35 mola kernel: [    3.865544] systemd[1]: Starting Load Kernel Module efi_pstore...
Mar 14 06:04:35 mola kernel: [    3.872200] systemd[1]: Starting Load Kernel Module fuse...
